[    0.000000] Initializing cgroup subsys cpuset
[    0.000000] Initializing cgroup subsys cpu
[    0.000000] Initializing cgroup subsys cpuacct
[    0.000000] Linux version 4.4.0-210-generic (buildd@lgw01-amd64-009) (gcc version 5.4.0 20160609 (Ubuntu 5.4.0-6ubuntu1~16.04.12) ) #242-Ubuntu SMP Fri Apr 16 09:57:56 UTC 2021 (Ubuntu 4.4.0-210.242-generic 4.4.262)
[    0.000000] Command line: BOOT_IMAGE=/boot/vmlinuz-4.4.0-210-generic root=LABEL=cloudimg-rootfs ro console=tty1 console=ttyS0
[    0.000000] KERNEL supported cpus:
[    0.000000]   Intel GenuineIntel
[    0.000000]   AMD AuthenticAMD
[    0.000000]   Centaur CentaurHauls
[    0.000000] x86/fpu: xstate_offset[2]:  576, xstate_sizes[2]:  256
[    0.000000] x86/fpu: Supporting XSAVE feature 0x01: 'x87 floating point registers'
[    0.000000] x86/fpu: Supporting XSAVE feature 0x02: 'SSE registers'
[    0.000000] x86/fpu: Supporting XSAVE feature 0x04: 'AVX registers'
[    0.000000] x86/fpu: Enabled xstate features 0x7, context size is 832 bytes, using 'standard' format.
[    0.000000] e820: BIOS-provided physical RAM map:
[    0.000000] BIOS-e820: [mem 0x0000000000000000-0x000000000009fbff] usable
[    0.000000] BIOS-e820: [mem 0x000000000009fc00-0x000000000009ffff] reserved
[    0.000000] BIOS-e820: [mem 0x00000000000f0000-0x00000000000fffff] reserved
[    0.000000] BIOS-e820: [mem 0x0000000000100000-0x000000003ffeffff] usable
[    0.000000] BIOS-e820: [mem 0x000000003fff0000-0x000000003fffffff] ACPI data
[    0.000000] BIOS-e820: [mem 0x00000000fec00000-0x00000000fec00fff] reserved
[    0.000000] BIOS-e820: [mem 0x00000000fee00000-0x00000000fee00fff] reserved
[    0.000000] BIOS-e820: [mem 0x00000000fffc0000-0x00000000ffffffff] reserved
[    0.000000] NX (Execute Disable) protection: active
[    0.000000] SMBIOS 2.5 present.
[    0.000000] Hypervisor detected: KVM
[    0.000000] e820: last_pfn = 0x3fff0 max_arch_pfn = 0x400000000
[    0.000000] MTRR: Disabled
[    0.000000] x86/PAT: MTRRs disabled, skipping PAT initialization too.
[    0.000000] CPU MTRRs all blank - virtualized system.
[    0.000000] x86/PAT: Configuration [0-7]: WB  WT  UC- UC  WB  WT  UC- UC  
[    0.000000] found SMP MP-table at [mem 0x0009fff0-0x0009ffff] mapped at [ffff88000009fff0]
[    0.000000] Scanning 1 areas for low memory corruption
[    0.000000] RAMDISK: [mem 0x362dc000-0x37165fff]
[    0.000000] ACPI: Early table checksum verification disabled
[    0.000000] ACPI: RSDP 0x00000000000E0000 000024 (v02 VBOX  )
[    0.000000] ACPI: XSDT 0x000000003FFF0030 00003C (v01 VBOX   VBOXXSDT 00000001 ASL  00000061)
[    0.000000] ACPI: FACP 0x000000003FFF00F0 0000F4 (v04 VBOX   VBOXFACP 00000001 ASL  00000061)
[    0.000000] ACPI: DSDT 0x000000003FFF0470 002325 (v02 VBOX   VBOXBIOS 00000002 INTL 20120111)
[    0.000000] ACPI: FACS 0x000000003FFF0200 000040
[    0.000000] ACPI: FACS 0x000000003FFF0200 000040
[    0.000000] ACPI: APIC 0x000000003FFF0240 00005C (v02 VBOX   VBOXAPIC 00000001 ASL  00000061)
[    0.000000] ACPI: SSDT 0x000000003FFF02A0 0001CC (v01 VBOX   VBOXCPUT 00000002 INTL 20120111)
[    0.000000] No NUMA configuration found
[    0.000000] Faking a node at [mem 0x0000000000000000-0x000000003ffeffff]
[    0.000000] NODE_DATA(0) allocated [mem 0x3ffeb000-0x3ffeffff]
[    0.000000] kvm-clock: Using msrs 4b564d01 and 4b564d00
[    0.000000] kvm-clock: cpu 0, msr 0:3ffe3001, primary cpu clock
[    0.000000] kvm-clock: using sched offset of 4230835729 cycles
[    0.000000] clocksource: kvm-clock: mask: 0xffffffffffffffff max_cycles: 0x1cd42e4dffb, max_idle_ns: 881590591483 ns
[    0.000000] Zone ranges:
[    0.000000]   DMA      [mem 0x0000000000001000-0x0000000000ffffff]
[    0.000000]   DMA32    [mem 0x0000000001000000-0x000000003ffeffff]
[    0.000000]   Normal   empty
[    0.000000]   Device   empty
[    0.000000] Movable zone start for each node
[    0.000000] Early memory node ranges
[    0.000000]   node   0: [mem 0x0000000000001000-0x000000000009efff]
[    0.000000]   node   0: [mem 0x0000000000100000-0x000000003ffeffff]
[    0.000000] Initmem setup node 0 [mem 0x0000000000001000-0x000000003ffeffff]
[    0.000000] ACPI: PM-Timer IO Port: 0x4008
[    0.000000] IOAPIC[0]: apic_id 2, version 32, address 0xfec00000, GSI 0-23
[    0.000000] ACPI: INT_SRC_OVR (bus 0 bus_irq 0 global_irq 2 dfl dfl)
[    0.000000] ACPI: INT_SRC_OVR (bus 0 bus_irq 9 global_irq 9 low level)
[    0.000000] Using ACPI (MADT) for SMP configuration information
[    0.000000] smpboot: Allowing 2 CPUs, 0 hotplug CPUs
[    0.000000] PM: Registered nosave memory: [mem 0x00000000-0x00000fff]
[    0.000000] PM: Registered nosave memory: [mem 0x0009f000-0x0009ffff]
[    0.000000] PM: Registered nosave memory: [mem 0x000a0000-0x000effff]
[    0.000000] PM: Registered nosave memory: [mem 0x000f0000-0x000fffff]
[    0.000000] e820: [mem 0x40000000-0xfebfffff] available for PCI devices
[    0.000000] Booting paravirtualized kernel on KVM
[    0.000000] clocksource: refined-jiffies: mask: 0xffffffff max_cycles: 0xffffffff, max_idle_ns: 7645519600211568 ns
[    0.000000] setup_percpu: NR_CPUS:512 nr_cpumask_bits:512 nr_cpu_ids:2 nr_node_ids:1
[    0.000000] PERCPU: Embedded 33 pages/cpu @ffff88003fc00000 s95192 r8192 d31784 u1048576
[    0.000000] Built 1 zonelists in Node order, mobility grouping on.  Total pages: 257912
[    0.000000] Policy zone: DMA32
[    0.000000] Kernel command line: BOOT_IMAGE=/boot/vmlinuz-4.4.0-210-generic root=LABEL=cloudimg-rootfs ro console=tty1 console=ttyS0
[    0.000000] PID hash table entries: 4096 (order: 3, 32768 bytes)
[    0.000000] Memory: 997792K/1048120K available (8644K kernel code, 1332K rwdata, 4044K rodata, 1492K init, 1164K bss, 50328K reserved, 0K cma-reserved)
[    0.000000] SLUB: HWalign=64, Order=0-3, MinObjects=0, CPUs=2, Nodes=1
[    0.000000] Kernel/User page tables isolation: enabled
[    0.000000] Hierarchical RCU implementation.
[    0.000000] 	Build-time adjustment of leaf fanout to 64.
[    0.000000] 	RCU restricting CPUs from NR_CPUS=512 to nr_cpu_ids=2.
[    0.000000] RCU: Adjusting geometry for rcu_fanout_leaf=64, nr_cpu_ids=2
[    0.000000] NR_IRQS:33024 nr_irqs:440 16
[    0.000000] Console: colour VGA+ 80x25
[    0.000000] console [tty1] enabled
[    0.000000] console [ttyS0] enabled
[    0.000000] tsc: Detected 2599.998 MHz processor
[    0.232987] Calibrating delay loop (skipped) preset value.. 5199.99 BogoMIPS (lpj=10399992)
[    0.235588] pid_max: default: 32768 minimum: 301
[    0.237490] ACPI: Core revision 20150930
[    0.239956] ACPI: 2 ACPI AML tables successfully acquired and loaded
[    0.246523] Security Framework initialized
[    0.248106] Yama: becoming mindful.
[    0.249550] AppArmor: AppArmor initialized
[    0.251025] Dentry cache hash table entries: 131072 (order: 8, 1048576 bytes)
[    0.254288] Inode-cache hash table entries: 65536 (order: 7, 524288 bytes)
[    0.256706] Mount-cache hash table entries: 2048 (order: 2, 16384 bytes)
[    0.260895] Mountpoint-cache hash table entries: 2048 (order: 2, 16384 bytes)
[    0.263513] Initializing cgroup subsys io
[    0.266046] Initializing cgroup subsys memory
[    0.267768] Initializing cgroup subsys devices
[    0.269239] Initializing cgroup subsys freezer
[    0.270620] Initializing cgroup subsys net_cls
[    0.272285] Initializing cgroup subsys perf_event
[    0.273573] Initializing cgroup subsys net_prio
[    0.274781] Initializing cgroup subsys hugetlb
[    0.276487] Initializing cgroup subsys pids
[    0.284555] mce: CPU supports 0 MCE banks
[    0.285859] Last level iTLB entries: 4KB 1024, 2MB 1024, 4MB 1024
[    0.287449] Last level dTLB entries: 4KB 1024, 2MB 1024, 4MB 1024, 1GB 4
[    0.290138] Spectre V1 : Mitigation: usercopy/swapgs barriers and __user pointer sanitization
[    0.293256] Spectre V2 : Mitigation: Full generic retpoline
[    0.294829] Spectre V2 : Spectre v2 / SpectreRSB mitigation: Filling RSB on context switch
[    0.297451] Speculative Store Bypass: Vulnerable
[    0.299088] SRBDS: Unknown: Dependent on hypervisor status
[    0.300851] MDS: Mitigation: Clear CPU buffers
[    0.305344] Freeing SMP alternatives memory: 36K
[    0.313072] ftrace: allocating 32380 entries in 127 pages
[    0.376250] smpboot: APIC(0) Converting physical 0 to logical package 0
[    0.379139] smpboot: Max logical packages: 1
[    0.380599] x2apic enabled
[    0.381664] Switched APIC routing to physical x2apic.
[    0.384285] ..TIMER: vector=0x30 apic1=0 pin1=2 apic2=-1 pin2=-1
[    0.494658] smpboot: CPU0: Intel(R) Core(TM) i5-4278U CPU @ 2.60GHz (family: 0x6, model: 0x45, stepping: 0x1)
[    0.497976] Performance Events: unsupported p6 CPU model 69 no PMU driver, software events only.
[    0.512140] KVM setup paravirtual spinlock
[    0.514385] x86: Booting SMP configuration:
[    0.515780] .... node  #0, CPUs:      #1
[    0.517117] kvm-clock: cpu 1, msr 0:3ffe3041, secondary cpu clock
[    0.525424] mce: CPU supports 0 MCE banks
[    0.533099] x86: Booted up 1 node, 2 CPUs
[    0.534634] smpboot: Total of 2 processors activated (10399.99 BogoMIPS)
[    0.537071] devtmpfs: initialized
[    0.539473] evm: security.selinux
[    0.540517] evm: security.SMACK64
[    0.541484] evm: security.SMACK64EXEC
[    0.542814] evm: security.SMACK64TRANSMUTE
[    0.544183] evm: security.SMACK64MMAP
[    0.545253] evm: security.ima
[    0.546247] evm: security.capability
[    0.548477] clocksource: jiffies: mask: 0xffffffff max_cycles: 0xffffffff, max_idle_ns: 7645041785100000 ns
[    0.552428] futex hash table entries: 512 (order: 3, 32768 bytes)
[    0.556296] pinctrl core: initialized pinctrl subsystem
[    0.560187] RTC time:  5:18:00, date: 06/29/22
[    0.562641] NET: Registered protocol family 16
[    0.574962] cpuidle: using governor ladder
[    0.590320] cpuidle: using governor menu
[    0.593595] PCCT header not found.
[    0.596067] ACPI: bus type PCI registered
[    0.598466] acpiphp: ACPI Hot Plug PCI Controller Driver version: 0.5
[    0.602813] PCI: Using configuration type 1 for base access
[    0.619497] ACPI: Added _OSI(Module Device)
[    0.622397] ACPI: Added _OSI(Processor Device)
[    0.624947] ACPI: Added _OSI(3.0 _SCP Extensions)
[    0.629086] ACPI: Added _OSI(Processor Aggregator Device)
[    0.634481] ACPI: Executed 1 blocks of module-level executable AML code
[    0.642239] ACPI: Interpreter enabled
[    0.644997] ACPI: (supports S0 S5)
[    0.647076] ACPI: Using IOAPIC for interrupt routing
[    0.650145] PCI: Using host bridge windows from ACPI; if necessary, use "pci=nocrs" and report a bug
[    0.667118] ACPI: PCI Root Bridge [PCI0] (domain 0000 [bus 00-ff])
[    0.669285] acpi PNP0A03:00: _OSC: OS supports [ASPM ClockPM Segments MSI]
[    0.673987] acpi PNP0A03:00: _OSC: not requesting OS control; OS requires [ExtendedConfig ASPM ClockPM MSI]
[    0.678885] acpi PNP0A03:00: fail to add MMCONFIG information, can't access extended PCI configuration space under this bridge.
[    0.684839] PCI host bridge to bus 0000:00
[    0.687064] pci_bus 0000:00: root bus resource [io  0x0000-0x0cf7 window]
[    0.693700] pci_bus 0000:00: root bus resource [io  0x0d00-0xffff window]
[    0.698713] pci_bus 0000:00: root bus resource [mem 0x000a0000-0x000bffff window]
[    0.702910] pci_bus 0000:00: root bus resource [mem 0x40000000-0xfdffffff window]
[    0.707914] pci_bus 0000:00: root bus resource [bus 00-ff]
[    0.714423] pci 0000:00:01.1: legacy IDE quirk: reg 0x10: [io  0x01f0-0x01f7]
[    0.718696] pci 0000:00:01.1: legacy IDE quirk: reg 0x14: [io  0x03f6]
[    0.721737] pci 0000:00:01.1: legacy IDE quirk: reg 0x18: [io  0x0170-0x0177]
[    0.738218] pci 0000:00:01.1: legacy IDE quirk: reg 0x1c: [io  0x0376]
[    0.769028] pci 0000:00:07.0: quirk: [io  0x4000-0x403f] claimed by PIIX4 ACPI
[    0.772263] pci 0000:00:07.0: quirk: [io  0x4100-0x410f] claimed by PIIX4 SMB
[    0.797265] ACPI: PCI Interrupt Link [LNKA] (IRQs 5 9 10 *11)
[    0.800205] ACPI: PCI Interrupt Link [LNKB] (IRQs 5 9 *10 11)
[    0.804011] ACPI: PCI Interrupt Link [LNKC] (IRQs 5 *9 10 11)
[    0.806982] ACPI: PCI Interrupt Link [LNKD] (IRQs 5 9 10 *11)
[    0.812398] ACPI: Enabled 2 GPEs in block 00 to 07
[    0.815291] vgaarb: setting as boot device: PCI:0000:00:02.0
[    0.817874] vgaarb: device added: PCI:0000:00:02.0,decodes=io+mem,owns=io+mem,locks=none
[    0.821957] vgaarb: loaded
[    0.822801] vgaarb: bridge control possible 0000:00:02.0
[    0.825609] SCSI subsystem initialized
[    0.827601] ACPI: bus type USB registered
[    0.828885] usbcore: registered new interface driver usbfs
[    0.830901] usbcore: registered new interface driver hub
[    0.833404] usbcore: registered new device driver usb
[    0.836770] PCI: Using ACPI for IRQ routing
[    0.838744] NetLabel: Initializing
[    0.839736] NetLabel:  domain hash size = 128
[    0.841234] NetLabel:  protocols = UNLABELED CIPSOv4
[    0.844288] NetLabel:  unlabeled traffic allowed by default
[    0.846224] amd_nb: Cannot enumerate AMD northbridges
[    0.847722] clocksource: Switched to clocksource kvm-clock
[    0.857206] AppArmor: AppArmor Filesystem Enabled
[    0.859822] pnp: PnP ACPI init
[    0.861905] pnp: PnP ACPI: found 3 devices
[    0.871762] clocksource: acpi_pm: mask: 0xffffff max_cycles: 0xffffff, max_idle_ns: 2085701024 ns
[    0.874853] NET: Registered protocol family 2
[    0.876738] TCP established hash table entries: 8192 (order: 4, 65536 bytes)
[    0.879332] TCP bind hash table entries: 8192 (order: 5, 131072 bytes)
[    0.881322] TCP: Hash tables configured (established 8192 bind 8192)
[    0.883009] UDP hash table entries: 512 (order: 2, 16384 bytes)
[    0.884546] UDP-Lite hash table entries: 512 (order: 2, 16384 bytes)
[    0.886652] NET: Registered protocol family 1
[    0.887905] pci 0000:00:00.0: Limiting direct PCI/PCI transfers
[    0.889929] pci 0000:00:01.0: Activating ISA DMA hang workarounds
[    0.892470] Unpacking initramfs...
[    1.111932] Freeing initrd memory: 14888K
[    1.113528] RAPL PMU detected, API unit is 2^-32 Joules, 4 fixed counters 10737418240 ms ovfl timer
[    1.115989] hw unit of domain pp0-core 2^-0 Joules
[    1.117706] hw unit of domain package 2^-0 Joules
[    1.120319] hw unit of domain dram 2^-0 Joules
[    1.121859] hw unit of domain pp1-gpu 2^-0 Joules
[    1.123393] clocksource: tsc: mask: 0xffffffffffffffff max_cycles: 0x257a3a7b45f, max_idle_ns: 440795312762 ns
[    1.126924] platform rtc_cmos: registered platform RTC device (no PNP device found)
[    1.129594] Scanning for low memory corruption every 60 seconds
[    1.132114] audit: initializing netlink subsys (disabled)
[    1.133868] audit: type=2000 audit(1656479886.448:1): initialized
[    1.136350] Initialise system trusted keyring
[    1.138090] HugeTLB registered 2 MB page size, pre-allocated 0 pages
[    1.141001] zbud: loaded
[    1.142419] VFS: Disk quotas dquot_6.6.0
[    1.144132] VFS: Dquot-cache hash table entries: 512 (order 0, 4096 bytes)
[    1.146268] squashfs: version 4.0 (2009/01/31) Phillip Lougher
[    1.148811] fuse init (API version 7.23)
[    1.150470] Key type big_key registered
[    1.151673] Allocating IMA MOK and blacklist keyrings.
[    1.154491] Key type asymmetric registered
[    1.155634] Asymmetric key parser 'x509' registered
[    1.157033] Block layer SCSI generic (bsg) driver version 0.4 loaded (major 249)
[    1.159674] io scheduler noop registered
[    1.160994] io scheduler deadline registered (default)
[    1.162428] io scheduler cfq registered
[    1.163598] pci_hotplug: PCI Hot Plug PCI Core version: 0.5
[    1.165076] pciehp: PCI Express Hot Plug Controller Driver version: 0.4
[    1.167043] ACPI: AC Adapter [AC] (on-line)
[    1.168617] input: Power Button as /devices/LNXSYSTM:00/LNXPWRBN:00/input/input0
[    1.170939] ACPI: Power Button [PWRF]
[    1.172252] input: Sleep Button as /devices/LNXSYSTM:00/LNXSLPBN:00/input/input1
[    1.174275] ACPI: Sleep Button [SLPF]
[    1.175872] GHES: HEST is not enabled!
[    1.177210] Serial: 8250/16550 driver, 32 ports, IRQ sharing enabled
[    1.199929] 00:02: ttyS0 at I/O 0x3f8 (irq = 4, base_baud = 115200) is a 16550A
[    1.204721] Linux agpgart interface v0.103
[    1.207838] loop: module loaded
[    1.209521] scsi host0: ata_piix
[    1.210586] scsi host1: ata_piix
[    1.211563] ata1: PATA max UDMA/33 cmd 0x1f0 ctl 0x3f6 bmdma 0xd000 irq 14
[    1.213366] ata2: PATA max UDMA/33 cmd 0x170 ctl 0x376 bmdma 0xd008 irq 15
[    1.215198] libphy: Fixed MDIO Bus: probed
[    1.216515] tun: Universal TUN/TAP device driver, 1.6
[    1.218454] tun: (C) 1999-2004 Max Krasnyansky <maxk@qualcomm.com>
[    1.220282] PPP generic driver version 2.4.2
[    1.221568] ehci_hcd: USB 2.0 'Enhanced' Host Controller (EHCI) Driver
[    1.223202] ehci-pci: EHCI PCI platform driver
[    1.224777] ehci-platform: EHCI generic platform driver
[    1.227085] ohci_hcd: USB 1.1 'Open' Host Controller (OHCI) Driver
[    1.228903] ohci-pci: OHCI PCI platform driver
[    1.230113] ohci-platform: OHCI generic platform driver
[    1.231482] uhci_hcd: USB Universal Host Controller Interface driver
[    1.233228] i8042: PNP: PS/2 Controller [PNP0303:PS2K,PNP0f03:PS2M] at 0x60,0x64 irq 1,12
[    1.236031] serio: i8042 KBD port at 0x60,0x64 irq 1
[    1.238023] serio: i8042 AUX port at 0x60,0x64 irq 12
[    1.239691] mousedev: PS/2 mouse device common for all mice
[    1.241530] input: AT Translated Set 2 keyboard as /devices/platform/i8042/serio0/input/input2
[    1.245007] rtc_cmos rtc_cmos: rtc core: registered rtc_cmos as rtc0
[    1.246852] rtc_cmos rtc_cmos: alarms up to one day, 114 bytes nvram
[    1.248528] i2c /dev entries driver
[    1.249818] device-mapper: uevent: version 1.0.3
[    1.251298] device-mapper: ioctl: 4.34.0-ioctl (2015-10-28) initialised: dm-devel@redhat.com
[    1.253705] ledtrig-cpu: registered to indicate activity on CPUs
[    1.255800] NET: Registered protocol family 10
[    1.257346] NET: Registered protocol family 17
[    1.259989] Key type dns_resolver registered
[    1.261536] registered taskstats version 1
[    1.262701] Loading compiled-in X.509 certificates
[    1.264635] Loaded X.509 cert 'Build time autogenerated kernel key: cf00e047681d67edb2720680708b7d9498083038'
[    1.267872] zswap: loaded using pool lzo/zbud
[    1.272692] Key type trusted registered
[    1.286464] Key type encrypted registered
[    1.288397] AppArmor: AppArmor sha1 policy hashing enabled
[    1.306692] ima: No TPM chip found, activating TPM-bypass!
[    1.308859] ima: Allocated hash algorithm: sha1
[    1.310391] evm: HMAC attrs: 0x1
[    1.311967]   Magic number: 10:977:315
[    1.313084] tty tty40: hash matches
[    1.314345] rtc_cmos rtc_cmos: setting system clock to 2022-06-29 05:18:01 UTC (1656479881)
[    1.316998] BIOS EDD facility v0.16 2004-Jun-25, 0 devices found
[    1.318727] EDD information not available.
[    1.392627] Freeing unused kernel memory: 1492K
[    1.394678] Write protecting the kernel read-only data: 14336k
[    1.396752] Freeing unused kernel memory: 1584K
[    1.398853] Freeing unused kernel memory: 52K
Loading, please wait...
starting version 229
[    1.416305] random: systemd-udevd: uninitialized urandom read (16 bytes read, 2 bits of entropy available)
[    1.417281] random: udevadm: uninitialized urandom read (16 bytes read, 2 bits of entropy available)
[    1.417308] random: udevadm: uninitialized urandom read (16 bytes read, 2 bits of entropy available)
[    1.426289] random: udevadm: uninitialized urandom read (16 bytes read, 2 bits of entropy available)
[    1.426355] random: udevadm: uninitialized urandom read (16 bytes read, 2 bits of entropy available)
[    1.426550] random: udevadm: uninitialized urandom read (16 bytes read, 2 bits of entropy available)
[    1.426628] random: udevadm: uninitialized urandom read (16 bytes read, 2 bits of entropy available)
[    1.426705] random: udevadm: uninitialized urandom read (16 bytes read, 2 bits of entropy available)
[    1.426789] random: udevadm: uninitialized urandom read (16 bytes read, 2 bits of entropy available)
[    1.426866] random: udevadm: uninitialized urandom read (16 bytes read, 2 bits of entropy available)
[    1.498152] e1000: Intel(R) PRO/1000 Network Driver - version 7.3.21-k8-NAPI
[    1.501773] e1000: Copyright (c) 1999-2006 Intel Corporation.
[    1.511038] Fusion MPT base driver 3.04.20
[    1.512733] Copyright (c) 1999-2008 LSI Corporation
[    1.527307] Fusion MPT SPI Host driver 3.04.20
[    1.532727] AVX2 version of gcm_enc/dec engaged.
[    1.535494] AES CTR mode by8 optimization enabled
[    1.723590] input: ImExPS/2 Generic Explorer Mouse as /devices/platform/i8042/serio1/input/input4
[    1.982687] e1000 0000:00:03.0 eth0: (PCI:33MHz:32-bit) 02:be:82:6b:cc:1d
[    1.984619] e1000 0000:00:03.0 eth0: Intel(R) PRO/1000 Network Connection
[    2.389638] e1000 0000:00:08.0 eth1: (PCI:33MHz:32-bit) 08:00:27:8f:1b:29
[    2.391607] e1000 0000:00:08.0 eth1: Intel(R) PRO/1000 Network Connection
[    2.395624] e1000 0000:00:03.0 enp0s3: renamed from eth0
[    2.397424] mptbase: ioc0: Initiating bringup
[    2.412630] e1000 0000:00:08.0 enp0s8: renamed from eth1
[    2.965477] ioc0: LSI53C1030 A0: Capabilities={Initiator}
[    4.775982] scsi host2: ioc0: LSI53C1030 A0, FwRev=00000000h, Ports=1, MaxQ=256, IRQ=20
[    6.760042] scsi 2:0:0:0: Direct-Access     VBOX     HARDDISK         1.0  PQ: 0 ANSI: 5
[    6.772341] scsi target2:0:0: Beginning Domain Validation
[    6.775003] scsi target2:0:0: Domain Validation skipping write tests
[    6.778437] scsi target2:0:0: Ending Domain Validation
[    6.780176] scsi target2:0:0: asynchronous
[    6.781834] scsi 2:0:1:0: Direct-Access     VBOX     HARDDISK         1.0  PQ: 0 ANSI: 5
[    6.784031] scsi target2:0:1: Beginning Domain Validation
[    6.786380] scsi target2:0:1: Domain Validation skipping write tests
[    6.788060] scsi target2:0:1: Ending Domain Validation
[    6.789956] scsi target2:0:1: asynchronous
[    6.796950] sd 2:0:0:0: [sda] 83886080 512-byte logical blocks: (42.9 GB/40.0 GiB)
[    6.797415] sd 2:0:0:0: Attached scsi generic sg0 type 0
[    6.797643] sd 2:0:1:0: Attached scsi generic sg1 type 0
[    6.798529] sd 2:0:1:0: [sdb] 20480 512-byte logical blocks: (10.5 MB/10.0 MiB)
[    6.798828] sd 2:0:1:0: [sdb] Write Protect is off
[    6.799099] sd 2:0:1:0: [sdb] Incomplete mode parameter data
[    6.799101] sd 2:0:1:0: [sdb] Assuming drive cache: write through
[    6.803043] sd 2:0:1:0: [sdb] Attached SCSI disk
[    6.814586] sd 2:0:0:0: [sda] Write Protect is off
[    6.816422] sd 2:0:0:0: [sda] Incomplete mode parameter data
[    6.818193] sd 2:0:0:0: [sda] Assuming drive cache: write through
[    6.904583]  sda: sda1
[    6.906725] sd 2:0:0:0: [sda] Attached SCSI disk
Begin: Loading essential drivers ... [    8.255610] md: linear personality registered for level -1
[    8.261059] md: multipath personality registered for level -4
[    8.266123] md: raid0 personality registered for level 0
[    8.272982] md: raid1 personality registered for level 1
[    8.343805] raid6: sse2x1   gen()  9276 MB/s
[    8.412229] raid6: sse2x1   xor()  7356 MB/s
[    8.479797] raid6: sse2x2   gen() 11744 MB/s
[    8.547811] raid6: sse2x2   xor()  7745 MB/s
[    8.615980] raid6: sse2x4   gen()  8434 MB/s
[    8.683803] raid6: sse2x4   xor()  7449 MB/s
[    8.751819] raid6: avx2x1   gen() 17820 MB/s
[    8.819829] raid6: avx2x2   gen() 20636 MB/s
[    8.887783] raid6: avx2x4   gen() 24222 MB/s
[    8.889112] raid6: using algorithm avx2x4 gen() 24222 MB/s
[    8.890561] raid6: using avx2x2 recovery algorithm
[    8.893619] xor: automatically using best checksumming function:
[    8.931794]    avx       : 25855.000 MB/sec
[    8.934813] async_tx: api initialized (async)
[    8.952654] md: raid6 personality registered for level 6
[    8.955949] md: raid5 personality registered for level 5
[    8.958374] md: raid4 personality registered for level 4
[    8.968515] md: raid10 personality registered for level 10
done.
Begin: Running /scripts/init-premount ... done.
Begin: Mounting root file system ... Begin: Running /scripts/local-top ... done.
Begin: Running /scripts/local-premount ... [    9.005349] Btrfs loaded
Scanning for Btrfs filesystems
done.
Warning: fsck not present, so skipping root file system
[    9.073282] EXT4-fs (sda1): mounted filesystem with ordered data mode. Opts: (null)
done.
Begin: Running /scripts/local-bottom ... done.
Begin: Running /scripts/init-bottom ... done.
[    9.228648] systemd[1]: systemd 229 running in system mode. (+PAM +AUDIT +SELINUX +IMA +APPARMOR +SMACK +SYSVINIT +UTMP +LIBCRYPTSETUP +GCRYPT +GNUTLS +ACL +XZ -LZ4 +SECCOMP +BLKID +ELFUTILS +KMOD -IDN)
[    9.233591] systemd[1]: Detected virtualization oracle.
[    9.235017] systemd[1]: Detected architecture x86-64.

Welcome to [1mUbuntu 16.04.7 LTS[0m!

[    9.242341] systemd[1]: Set hostname to <ubuntu>.
[    9.247531] systemd[1]: Initializing machine ID from random generator.
[    9.249361] systemd[1]: Installed transient /etc/machine-id file.
[    9.424316] systemd[1]: Listening on Syslog Socket.
[[0;32m  OK  [0m] Listening on Syslog Socket.
[    9.427375] systemd[1]: Listening on /dev/initctl Compatibility Named Pipe.
[[0;32m  OK  [0m] Listening on /dev/initctl Compatibility Named Pipe.
[    9.431121] systemd[1]: Started Trigger resolvconf update for networkd DNS.
[[0;32m  OK  [0m] Started Trigger resolvconf update for networkd DNS.
[    9.434910] systemd[1]: Started Forward Password Requests to Wall Directory Watch.
[[0;32m  OK  [0m] Started Forward Password Requests to Wall Directory Watch.
[    9.439318] systemd[1]: Reached target System Time Synchronized.
[[0;32m  OK  [0m] Reached target System Time Synchronized.
[    9.442700] systemd[1]: Listening on udev Kernel Socket.
[[0;32m  OK  [0m] Listening on udev Kernel Socket.
[    9.445515] systemd[1]: Listening on Journal Audit Socket.
[[0;32m  OK  [0m] Listening on Journal Audit Socket.
[    9.448385] systemd[1]: Listening on Device-mapper event daemon FIFOs.
[[0;32m  OK  [0m] Listening on Device-mapper event daemon FIFOs.
[    9.451613] systemd[1]: Listening on udev Control Socket.
[[0;32m  OK  [0m] Listening on udev Control Socket.
[    9.455197] systemd[1]: Created slice System Slice.
[[0;32m  OK  [0m] Created slice System Slice.
[    9.458326] systemd[1]: Listening on LVM2 metadata daemon socket.
[[0;32m  OK  [0m] Listening on LVM2 metadata daemon socket.
[    9.461516] systemd[1]: Listening on Journal Socket (/dev/log).
[[0;32m  OK  [0m] Listening on Journal Socket (/dev/log).
[    9.465370] systemd[1]: Created slice system-serial\x2dgetty.slice.
[[0;32m  OK  [0m] Created slice system-serial\x2dgetty.slice.
[    9.470113] systemd[1]: Reached target Encrypted Volumes.
[[0;32m  OK  [0m] Reached target Encrypted Volumes.
[    9.473722] systemd[1]: Set up automount Arbitrary Executable File Formats File System Automount Point.
[[0;32m  OK  [0m] Set up automount Arbitrary Executab...ats File System Automount Point.
[    9.479155] systemd[1]: Created slice User and Session Slice.
[[0;32m  OK  [0m] Created slice User and Session Slice.
[    9.482430] systemd[1]: Reached target Slices.
[[0;32m  OK  [0m] Reached target Slices.
[    9.485142] systemd[1]: Listening on LVM2 poll daemon socket.
[[0;32m  OK  [0m] Listening on LVM2 poll daemon socket.
[    9.489773] systemd[1]: Reached target User and Group Name Lookups.
[[0;32m  OK  [0m] Reached target User and Group Name Lookups.
[    9.495184] systemd[1]: Reached target Swap.
[[0;32m  OK  [0m] Reached target Swap.
[    9.498421] systemd[1]: Listening on fsck to fsckd communication Socket.
[[0;32m  OK  [0m] Listening on fsck to fsckd communication Socket.
[    9.502594] systemd[1]: Listening on Journal Socket.
[[0;32m  OK  [0m] Listening on Journal Socket.
[    9.516221] systemd[1]: Mounting Debug File System...
         Mounting Debug File System...
[    9.520433] systemd[1]: Mounting POSIX Message Queue File System...
         Mounting POSIX Message Queue File System...
[    9.533124] systemd[1]: Starting Monitoring of LVM2 mirrors, snapshots etc. using dmeventd or progress polling...
         Starting Monitoring of LVM2 mirrors... dmeventd or progress polling...
[    9.542184] systemd[1]: Starting Set console keymap...
         Starting Set console keymap...
[    9.552625] systemd[1]: Starting Create list of required static device nodes for the current kernel...
         Starting Create list of required st... nodes for the current kernel...
[    9.562864] systemd[1]: Starting Journal Service...
         Starting Journal Service...
[    9.566166] systemd[1]: Starting File System Check on Root Device...
         Starting File System Check on Root Device...
[    9.570570] systemd[1]: Starting Nameserver information manager...
         Starting Nameserver information manager...
[    9.672021] systemd[1]: Starting Load Kernel Modules...
         Starting Load Kernel Modules...
[    9.713968] systemd[1]: Mounting Huge Pages File System...
         Mounting Huge Pages File System...
[    9.725654] Loading iSCSI transport class v2.0-870.
[    9.734561] systemd[1]: Starting Uncomplicated firewall...
         Starting Uncomplicated firewall...
[    9.765370] iscsi: registered transport (tcp)
[    9.772476] systemd[1]: Mounted Huge Pages File System.
[[0;32m  OK  [0m] Mounted Huge Pages File System.
[    9.782728] systemd[1]: Mounted POSIX Message Queue File System.
[[0;32m  OK  [0m] Mounted POSIX Message Queue File System.
[    9.796830] systemd[1]: Mounted Debug File System.
[[0;32m  OK  [0m] Mounted Debug File System.
[    9.812200] systemd[1]: Started Journal Service.
[[0;32m  OK  [0m] Started Journal Service.
[[0;32m  OK  [0m] Started Set console keymap.
[[0;32m  OK  [0m] Started Create list of required sta...ce nodes for the current kernel.
[[0;32m  OK  [0m] Started File System Check on Root Device.
[    9.837868] iscsi: registered transport (iser)
[[0;32m  OK  [0m] Started Load Kernel Modules.
[[0;32m  OK  [0m] Started Uncomplicated firewall.
[[0;32m  OK  [0m] Started Nameserver information manager.
[[0;32m  OK  [0m] Started LVM2 metadata daemon.
[[0;32m  OK  [0m] Started File System Check Daemon to report status.
         Mounting FUSE Control File System...
         Starting Apply Kernel Variables...
         Starting Remount Root and Kernel File Systems...
         Starting Create Static Device Nodes in /dev...
[[0;32m  OK  [0m] Mounted FUSE Control File System.
[    9.886770] EXT4-fs (sda1): re-mounted. Opts: (null)
[[0;32m  OK  [0m] Started Remount Root and Kernel File Systems.
[[0;32m  OK  [0m] Started Apply Kernel Variables.
         Starting udev Coldplug all Devices...
         Starting Flush Journal to Persistent Storage...
         Starting Load/Save Random Seed...
[[0;32m  OK  [0m] Started Create Static Device Nodes in /dev.
         Starting udev Kernel Device Manager...
[[0;32m  OK  [0m] Started Flush Journal to Persistent Storage.
[[0;32m  OK  [0m] Started Load/Save Random Seed.
[[0;32m  OK  [0m] Started udev Coldplug all Devices.
[[0;32m  OK  [0m] Started udev Kernel Device Manager.
[[0;32m  OK  [0m] Started Dispatch Password Requests to Console Directory Watch.
[[0;32m  OK  [0m] Started Monitoring of LVM2 mirrors,...ng dmeventd or progress polling.
[[0;32m  OK  [0m] Reached target Local File Systems (Pre).
[[0;32m  OK  [0m] Reached target Local File Systems.
         Starting Commit a transient machine-id on disk...
         Starting Create Volatile Files and Directories...
         Starting Tell Plymouth To Write Out Runtime Data...
         Starting LSB: AppArmor initialization...
         Starting Initial cloud-init job (pre-networking)...
         Starting Set console font and keymap...
[[0;32m  OK  [0m] Started Create Volatile Files and Directories.
         Starting Update UTMP about System Boot/Shutdown...
[[0;32m  OK  [0m] Started Tell Plymouth To Write Out Runtime Data.
[[0;32m  OK  [0m] Started Commit a transient machine-id on disk.
[[0;32m  OK  [0m] Started Update UTMP about System Boot/Shutdown.
[[0;32m  OK  [0m] Found device /dev/ttyS0.
[[0;32m  OK  [0m] Listening on Load/Save RF Kill Switch Status /dev/rfkill Watch.
[[0;32m  OK  [0m] Started LSB: AppArmor initialization.
         Starting Load AppArmor profiles managed internally by snapd...
[   11.834882] [[0;32m  OK  [0m] Started Load AppArmor profiles managed internally by snapd.
cloud-init[502]: Cloud-init v. 21.1-19-gbad84ad4-0ubuntu1~16.04.2 running 'init-local' at Wed, 29 Jun 2022 05:18:11 +0000. Up 11.04 seconds.
[[0;32m  OK  [0m] Started Set console font and keymap.
[[0;32m  OK  [0m] Started Initial cloud-init job (pre-networking).
[[0;32m  OK  [0m] Reached target Network (Pre).
         Starting Raise network interfaces...
[[0;32m  OK  [0m] Created slice system-getty.slice.
[[0;32m  OK  [0m] Started Raise network interfaces.
         Starting Initial cloud-init job (metadata service crawler)...
[[0;32m  OK  [0m] Reached target Network.
[   13.621439] cloud-init[964]: Cloud-init v. 21.1-19-gbad84ad4-0ubuntu1~16.04.2 running 'init' at Wed, 29 Jun 2022 05:18:13 +0000. Up 12.56 seconds.
[   13.623890] cloud-init[964]: ci-info: ++++++++++++++++++++++++++++++++++++++Net device info+++++++++++++++++++++++++++++++++++++++
[   13.626559] cloud-init[964]: ci-info: +--------+-------+----------------------------+---------------+--------+-------------------+
[   13.644459] cloud-init[964]: ci-info: | Device |   Up  |          Address           |      Mask     | Scope  |     Hw-Address    |
[   13.647577] cloud-init[964]: ci-info: +--------+-------+----------------------------+---------------+--------+-------------------+
[   13.649789] cloud-init[964]: ci-info: | enp0s3 |  True |         10.0.2.15          | 255.255.255.0 | global | 02:be:82:6b:cc:1d |
[   13.652358] cloud-init[964]: ci-info: | enp0s3 |  True | fe80::be:82ff:fe6b:cc1d/64 |       .       |  link  | 02:be:82:6b:cc:1d |
[   13.656483] cloud-init[964]: ci-info: | enp0s8 | False |             .              |       .       |   .    | 08:00:27:8f:1b:29 |
[   13.658398] cloud-init[964]: ci-info: |   lo   |  True |         127.0.0.1          |   255.0.0.0   |  host  |         .         |
[   13.661110] cloud-init[964]: ci-info: |   lo   |  True |          ::1/128           |       .       |  host  |         .         |
[   13.664449] cloud-init[964]: ci-info: +--------+-------+----------------------------+---------------+--------+-------------------+
[   13.668422] cloud-init[964]: ci-info: +++++++++++++++++++++++++++Route IPv4 info++++++++++++++++++++++++++++
[   13.672786] cloud-init[964]: ci-info: +-------+-------------+----------+---------------+-----------+-------+
[   13.676365] cloud-init[964]: ci-info: | Route | Destination | Gateway  |    Genmask    | Interface | Flags |
[   13.684368] cloud-init[964]: ci-info: +-------+-------------+----------+---------------+-----------+-------+
[   13.688723] cloud-init[964]: ci-info: |   0   |   0.0.0.0   | 10.0.2.2 |    0.0.0.0    |   enp0s3  |   UG  |
[   13.696648] cloud-init[964]: ci-info: |   1   |   10.0.2.0  | 0.0.0.0  | 255.255.255.0 |   enp0s3  |   U   |
[   13.699037] cloud-init[964]: ci-info: +-------+-------------+----------+---------------+-----------+-------+
[   13.700962] cloud-init[964]: ci-info: +++++++++++++++++++Route IPv6 info+++++++++++++++++++
[   13.702301] cloud-init[964]: ci-info: +-------+-------------+---------+-----------+-------+
[   13.704547] cloud-init[964]: ci-info: | Route | Destination | Gateway | Interface | Flags |
[   13.707706] cloud-init[964]: ci-info: +-------+-------------+---------+-----------+-------+
[   13.710249] cloud-init[964]: ci-info: |   0   |  fe80::/64  |    ::   |   enp0s3  |   U   |
[   13.713115] cloud-init[964]: ci-info: |   3   |   ff00::/8  |    ::   |   enp0s3  |   U   |
[   13.715979] cloud-init[964]: ci-info: +-------+-------------+---------+-----------+-------+
[   13.719357] cloud-init[964]: Generating public/private rsa key pair.
[   13.722132] cloud-init[964]: Your identification has been saved in /etc/ssh/ssh_host_rsa_key.
[   13.724508] cloud-init[964]: Your public key has been saved in /etc/ssh/ssh_host_rsa_key.pub.
[   13.727066] cloud-init[964]: The key fingerprint is:
[   13.728806] cloud-init[964]: SHA256:qd+dTu63Slb3FHc5rtFGNSu74loZhF7YKq+Ewobef+E root@ubuntu-xenial
[   13.733258] cloud-init[964]: The key's randomart image is:
[   13.733488] [cloud-init[0;32m  OK  [0m[964]: ] +---[RSA 2048]----+Started Initial cloud-init job (metadata service crawler).

[   13.737156] cloud-init[964]: |               ..|
[   13.737455] cloud-init[964]: |          +     =|
[   13.738945] cloud-init[964]: |         o + . *o|
[   13.740180] cloud-init[964]: |        ..+   * =|
[   13.741167] cloud-init[964]: |       .So . o.+o|
[   13.741550] cloud-init[964]: |  o   .oo   o.=o.|
[   13.742725] cloud-init[964]: | . + .o... ++o  .|
[   13.743593] cloud-init[964]: |. o . .E..o*...  |
[   13.744742] cloud-init[964]: | . .......o+Bo.. |
[   13.745377] cloud-init[964]: +----[SHA256]-----+
[   13.746663] cloud-init[964]: Generating public/private dsa key pair.
[   13.746796] cloud-init[964]: Your identification has been saved in /etc/ssh/ssh_host_dsa_key.
[   13.749265] cloud-init[964]: Your public key has been saved in /etc/ssh/ssh_host_dsa_key.pub.
[   13.749316] cloud-init[964]: The key fingerprint is:
[[   13.754186] cloud-init[964]: SHA256:5XoTQVGy7e3Cq0fq4LEw5Uwsgg2l+YZniolrlM1xics root@ubuntu-xenial
[   13.754288] cloud-init[964]: The key's randomart image is:
[   13.754621] cloud-init[964]: +---[DSA 1024]----+
[   13.754685] cloud-init[964]: |    .     +o.    |
[   13.758825] cloud-init[964]: |   +     . +     |
[   13.760886] cloud-init[964]: |  + . .   + .    |
[   13.761748] cloud-init[964]: |   O o . o o .   |
[0;32m  OK  [0m] Reached target Cloud-config availability.
[[   13.762888] cloud-init[964]: |  B @ . S o . .  |
[   13.764873] cloud-init[964]: |.= E . * . o..   |
[0;32m  OK  [0m[   13.766604] cloud-init[964]: |= .   o * ooo .  |
[   13.767655] cloud-init[964]: | o     + =...o   |
] Reached target System Initialization.
[   13.768099] cloud-init[964]: |o       o.oo.    |
[   13.769925] cloud-init[964]: +----[SHA256]-----+
[   13.771132] cloud-init[964]: Generating public/private ecdsa key pair.
[[0;32m  OK  [0m] Listening on ACPID Listen Socket.
[   13.771751] cloud-init[964]: Your identification has been saved in /etc/ssh/ssh_host_ecdsa_key.
[   13.773803] cloud-init[964]: Your public key has been saved in /etc/ssh/ssh_host_ecdsa_key.pub.
[   13.776457] cloud-init[964]: The key fingerprint is:
[[   13.778778] cloud-init[964]: SHA256:wwQ9rY5jH1B0sJSAIj8GUDGjxSaDgASflWtVajvaVEk root@ubuntu-xenial
[   13.779147] cloud-init[964]: The key's randomart image is:
[0;32m  OK  [0m] Started Daily apt download activities.
[   13.783772] cloud-init[964]: +---[ECDSA 256]---+
[   13.785222] cloud-init[964]: |@+*..oo=E+.      |
[   13.786737] cloud-init[964]: |B++=o .==+.      |
[   13.788365] cloud-init[964]: |.Bo. oo.=o       |
[   13.789871] cloud-init[964]: |  + o..=.        |
[   13.791217] cloud-init[964]: | . o  ++S        |
[   13.792401] cloud-init[964]: |     ++.o.       |
[   13.793697] cloud-init[964]: |    ...o .       |
[   13.795142] cloud-init[964]: |        .        |
[   13.796768] cloud-init[964]: |                 |
[   13.798268] cloud-init[964]: +----[SHA256]-----+
[   13.799598] cloud-init[964]: Generating public/private ed25519 key pair.
[   13.801333] cloud-init[964]: Your identification has been saved in /etc/ssh/ssh_host_ed25519_key.
[   13.803593] cloud-init[964]: Your public key has been saved in /etc/ssh/ssh_host_ed25519_key.pub.
[   13.806240] cloud-init[964]: The key fingerprint is:
[   13.807519] cloud-init[964]: SHA256:KBLkDi0Xzs7kSa2zarfxSSozksVLsNGnxsMb3jZsBT0 root@ubuntu-xenial
[   13.809860] cloud-init[964]: The key's randomart image is:
[   13.811657] cloud-init[964]: +--[ED25519 256]--+
[   13.812958] cloud-init[964]: |  o              |
[   13.814685] cloud-init[964]: | * o             |
[   13.816441] cloud-init[964]: |o.X ..           |
[   13.817714] cloud-init[964]: |o@.+o E.         |
[   13.824989] cloud-init[964]: | BXo....S        |
[   13.826494] cloud-init[964]: |. @+ ..          |
[   13.828206] cloud-init[964]: | *.O o           |
[   13.829556] cloud-init[964]: |o*+.@ .          |
[   13.831193] cloud-init[964]: |+ ==.+           |
[   13.832802] cloud-init[964]: +----[SHA256]-----+
[[0;32m  OK  [0m] Started ACPI Events Check.
[[0;32m  OK  [0m] Reached target Paths.
[[0;32m  OK  [0m] Started Ubuntu Advantage update messaging.
[[0;32m  OK  [0m] Listening on D-Bus System Message Bus Socket.
[[0;32m  OK  [0m] Started Daily Cleanup of Temporary Directories.
         Starting LXD - unix socket.
[[0;32m  OK  [0m] Started Daily apt upgrade and clean activities.
[[0;32m  OK  [0m] Listening on UUID daemon activation socket.
[[0;32m  OK  [0m] Started Message of the Day.
[[0;32m  OK  [0m] Reached target Timers.
         Starting Socket activation for snappy daemon.
[[0;32m  OK  [0m] Reached target Network is Online.
         Starting iSCSI initiator daemon (iscsid)...
[[0;32m  OK  [0m] Listening on LXD - unix socket.
[[0;32m  OK  [0m] Listening on Socket activation for snappy daemon.
[[0;32m  OK  [0m] Reached target Sockets.
[[0;32m  OK  [0m] Reached target Basic System.
         Starting LSB: MD monitoring daemon...
[[0;32m  OK  [0m] Started Regular background program processing daemon.
[[0;32m  OK  [0m] Started FUSE filesystem for LXC.
         Starting Login Service...
[[0;32m  OK  [0m] Started Deferred execution scheduler.
         Starting Pollinate to seed the pseudo random number generator...
[[0;32m  OK  [0m] Started ACPI event daemon.
         Starting System Logging Service...
[[0;32m  OK  [0m] Started D-Bus System Message Bus.
         Starting LSB: Record successful boot for GRUB...
         Starting Virtualbox guest utils...
         Starting /etc/rc.local Compatibility...
         Starting Snap Daemon...
         Starting Accounts Service...
         Starting LXD - container startup/shutdown...
[[0;32m  OK  [0m] Started System Logging Service.
[[0;32m  OK  [0m] Started /etc/rc.local Compatibility.
[[0;32m  OK  [0m] Started Login Service.
[[0;32m  OK  [0m] Started Unattended Upgrades Shutdown.
[[0;32m  OK  [0m] Started iSCSI initiator daemon (iscsid).
[[0;32m  OK  [0m] Started LSB: Record successful boot for GRUB.
         Starting Login to default iSCSI targets...
[[0;32m  OK  [0m] Started Login to default iSCSI targets.
[[0;32m  OK  [0m] Reached target Remote File Systems (Pre).
[[0;32m  OK  [0m] Reached target Remote File Systems.
         Starting Permit User Sessions...
         Starting LSB: automatic crash report generation...
         Starting LSB: daemon to balance interrupts for SMP systems...
         Starting LSB: Set the CPU Frequency Scaling governor to "ondemand"...
[[0;32m  OK  [0m] Started LSB: MD monitoring daemon.
[[0;32m  OK  [0m] Started Permit User Sessions.
         Starting Authenticate and Authorize Users to Run Privileged Tasks...
         Starting Hold until boot process finishes up...
         Starting Terminate Plymouth Boot Screen...
[[0;32m  OK  [0m] Started Hold until boot process finishes up.
         Starting Set console scheme...
[[0;32m  OK  [0m] Started Serial Getty on ttyS0.
[[0;32m  OK  [0m] Started Getty on tty1.
[[0;32m  OK  [0m] Reached target Login Prompts.
[[0;32m  OK  [0m] Started Terminate Plymouth Boot Screen.
[[0;32m  OK  [0m] Started Set console scheme.
[[0;32m  OK  [0m] Started LSB: automatic crash report generation.
[[0;32m  OK  [0m] Started LSB: Set the CPU Frequency Scaling governor to "ondemand".
[[0;32m  OK  [0m] Started Authenticate and Authorize Users to Run Privileged Tasks.
[[0;32m  OK  [0m] Started LSB: daemon to balance interrupts for SMP systems.
[[0;32m  OK  [0m] Started Accounts Service.
[[0;32m  OK  [0m] Started Virtualbox guest utils.
[[0;32m  OK  [0m] Started LXD - container startup/shutdown.
[[0;32m  OK  [0m] Started Snap Daemon.
         Starting Wait until snapd is fully seeded...
[[0;32m  OK  [0m] Started Pollinate to seed the pseudo random number generator.
         Starting OpenBSD Secure Shell server...
[[0;32m  OK  [0m] Started OpenBSD Secure Shell server.
[[0;32m  OK  [0m] Started Wait until snapd is fully seeded.
[[0;32m  OK  [0m] Reached target Multi-User System.
[[0;32m  OK  [0m] Reached target Graphical Interface.
         Starting Update UTMP about System Runlevel Changes...
         Starting Apply the settings specified in cloud-config...
[[0;32m  OK  [0m] Started Update UTMP about System Runlevel Changes.
[   18.568239] cloud-init[1324]: Generating locales (this might take a while)...
[[0;32m  OK  [0m] Created slice User Slice of vagrant.
         Starting User Manager for UID 1000...
[[0;32m  OK  [0m] Started Session 1 of user vagrant.
[[0;32m  OK  [0m] Started User Manager for UID 1000.
[   19.836446] cloud-init[1324]:   en_US.UTF-8... done
[   19.836717] cloud-init[1324]: Generation complete.
[   20.482578] cloud-init[1324]: Cloud-init v. 21.1-19-gbad84ad4-0ubuntu1~16.04.2 running 'modules:config' at Wed, 29 Jun 2022 05:18:18 +0000. Up 18.34 seconds.

Ubuntu 16.04.7 LTS ubuntu-xenial ttyS0

ubuntu-xenial login: ci-info: no authorized SSH keys fingerprints found for user ubuntu.
<14>Jun 29 05:18:21 ec2: 
<14>Jun 29 05:18:21 ec2: #############################################################
<14>Jun 29 05:18:21 ec2: -----BEGIN SSH HOST KEY FINGERPRINTS-----
<14>Jun 29 05:18:21 ec2: 1024 SHA256:5XoTQVGy7e3Cq0fq4LEw5Uwsgg2l+YZniolrlM1xics root@ubuntu-xenial (DSA)
<14>Jun 29 05:18:21 ec2: 256 SHA256:wwQ9rY5jH1B0sJSAIj8GUDGjxSaDgASflWtVajvaVEk root@ubuntu-xenial (ECDSA)
<14>Jun 29 05:18:21 ec2: 256 SHA256:KBLkDi0Xzs7kSa2zarfxSSozksVLsNGnxsMb3jZsBT0 root@ubuntu-xenial (ED25519)
<14>Jun 29 05:18:21 ec2: 2048 SHA256:qd+dTu63Slb3FHc5rtFGNSu74loZhF7YKq+Ewobef+E root@ubuntu-xenial (RSA)
<14>Jun 29 05:18:21 ec2: -----END SSH HOST KEY FINGERPRINTS-----
<14>Jun 29 05:18:21 ec2: #############################################################
-----BEGIN SSH HOST KEY KEYS-----
ecdsa-sha2-nistp256 AAAAE2VjZHNhLXNoYTItbmlzdHAyNTYAAAAIbmlzdHAyNTYAAABBBJ/8/N6oR4LUg8QLAkwNGlJ2ZytULBhJEcY5+d+H1bFpNj3NBhm9fd6EDJwjLp9Kb54VkyNWIQbIQW6znEPUfPw= root@ubuntu-xenial
ssh-ed25519 AAAAC3NzaC1lZDI1NTE5AAAAIHD7LdyjmEWS8N4li/33Uh8UBN2xki3Y5aSn4ZLJpiss root@ubuntu-xenial
ssh-rsa AAAAB3NzaC1yc2EAAAADAQABAAABAQDNEpv+My26iyqzUafEYbKLDy+zMt1ngjgHZ2cmWGD+nPwsf+S1U+q+nk4+v0n1tW1kBZ5DktZDsX9uzXU/0WWOUSxZc7VKAGVW5bz2Ju7KHu+FB3NgLtXJqiYI9Eat9s4TuY/0rP1SM/xUJnA+IntH9HunSKiZfOUGSi0bYIdSqR2p2D6ur71OA/P8QqJ805HDAsCK6wK7n34KQ3v8v1hX9hiBR65Nd2RLBl18i7P2aU7XqmZiuQS0IySXQ8EsR94/l/kUImsULy546k/d1bAJ8Ck9T1zUl0+KHH/OqOsnHOr5kK2Wyf/aEOLGdsTZ0DUSjkSptjdvr1aFV4wvqxtT root@ubuntu-xenial
-----END SSH HOST KEY KEYS-----
[   21.445120] cloud-init[1526]: Cloud-init v. 21.1-19-gbad84ad4-0ubuntu1~16.04.2 running 'modules:final' at Wed, 29 Jun 2022 05:18:21 +0000. Up 21.03 seconds.
[   21.445998] cloud-init[1526]: ci-info: no authorized SSH keys fingerprints found for user ubuntu.
[   21.447638] cloud-init[1526]: Cloud-init v. 21.1-19-gbad84ad4-0ubuntu1~16.04.2 finished at Wed, 29 Jun 2022 05:18:21 +0000. Datasource DataSourceNoCloud [seed=/dev/sdb][dsmode=net].  Up 21.42 seconds
[[0;32m  OK  [0m] Stopped Unattended Upgrades Shutdown.
[[0;32m  OK  [0m] Stopped target Graphical Interface.
         Stopping ACPI event daemon...
[[0;32m  OK  [0m] Closed Load/Save RF Kill Switch Status /dev/rfkill Watch.
         Stopping Session 25 of user vagrant.
         Stopping Accounts Service...
[[0;32m  OK  [0m] Stopped target Cloud-init target.
[[0;32m  OK  [0m] Stopped Execute cloud user/final scripts.
[[0;32m  OK  [0m] Stopped Apply the settings specified in cloud-config.
         Stopping User Manager for UID 1000...
[[0;32m  OK  [0m] Stopped target Multi-User System.
         Stopping LSB: Record successful boot for GRUB...
         Stopping LSB: automatic crash report generation...
         Stopping System Logging Service...
         Stopping LSB: MD monitoring daemon...
         Stopping A high performance web server and a reverse proxy server...
         Stopping Regular background program processing daemon...
         Stopping FUSE filesystem for LXC...
[[0;32m  OK  [0m] Stopped target Login Prompts.
         Stopping Getty on tty1...
         Stopping Serial Getty on ttyS0...
         Stopping LSB: daemon to balance interrupts for SMP systems...
         Stopping LSB: Set the CPU Frequency Scaling governor to "ondemand"...
[[0;32m  OK  [0m] Stopped Wait until snapd is fully seeded.
         Stopping Deferred execution scheduler...
         Stopping LXD - container startup/shutdown...
         Stopping Authenticate and Authorize Users to Run Privileged Tasks...
[[0;32m  OK  [0m] Stopped target Cloud-config availability.
[[0;32m  OK  [0m[[0;32m  OK  [0m] Stopped Ubuntu Advantage update messaging.
[[0;32m  OK  [0m] Stopped Daily Cleanup of Temporary Directories.
         Stopping Virtualbox guest utils...
[[0;32m  OK  [0m] Stopped Message of the Day.
         Stopping OpenBSD Secure Shell server...
[[0;32m  OK  [0m] Stopped Daily apt upgrade and clean activities.
[[0;32m  OK  [0m] Stopped Daily apt download activities.
         Stopping D-Bus System Message Bus...
[[0;32m  OK  [0m] Stopped target System Time Synchronized.
[[0;32m  OK  [0m] Unmounted /var/lib/lxcfs.
[[0;32m  OK  [0m] Stopped Regular background program processing daemon.
[[0;32m  OK  [0m] Stopped Deferred execution scheduler.
[[0;32m  OK  [0m] Stopped ACPI event daemon.
[[0;32m  OK  [0m] Stopped System Logging Service.
[[0;32m  OK  [0m] Stopped Accounts Service.
[[0;32m  OK  [0m] Stopped Authenticate and Authorize Users to Run Privileged Tasks.
[[0;32m  OK  [0m] Stopped Serial Getty on ttyS0.
[[0;32m  OK  [0m] Stopped Getty on tty1.
[[0;32m  OK  [0m] Stopped OpenBSD Secure Shell server.
[[0;32m  OK  [0m] Stopped User Manager for UID 1000.
[[0;32m  OK  [0m] Stopped Session 25 of user vagrant.
[[0;32m  OK  [0m] Stopped A high performance web server and a reverse proxy server.
[[0;32m  OK  [0m] Stopped D-Bus System Message Bus.
[[0;32m  OK  [0m] Stopped FUSE filesystem for LXC.
[[0;32m  OK  [0m] Stopped LXD - container startup/shutdown.
[[0;32m  OK  [0m] Stopped LSB: MD monitoring daemon.
[[0;32m  OK  [0m] Stopped LSB: Record successful boot for GRUB.
[[0;32m  OK  [0m] Stopped LSB: daemon to balance interrupts for SMP systems.
[[0;32m  OK  [0m] Stopped LSB: Set the CPU Frequency Scaling governor to "ondemand".
[[0;32m  OK  [0m] Removed slice User Slice of vagrant.
         Stopping Login Service...
[[0;32m  OK  [0m] Removed slice system-getty.slice.
[[0;32m  OK  [0m] Removed slice system-serial\x2dgetty.slice.
         Stopping Permit User Sessions...
[[0;32m  OK  [0m] Stopped /etc/rc.local Compatibility.
[[0;32m  OK  [0m] Stopped LSB: automatic crash report generation.
[[0;32m  OK  [0m] Stopped Virtualbox guest utils.
[[0;32m  OK  [0m] Stopped Permit User Sessions.
[[0;32m  OK  [0m] Stopped target Remote File Systems.
         Unmounting /vagrant...
[[0;32m  OK  [0m] Unmounted /vagrant.
[[0;32m  OK  [0m] Stopped target Remote File Systems (Pre).
         Stopping Login to default iSCSI targets...
[[0;32m  OK  [0m] Stopped Login Service.
[[0;32m  OK  [0m] Stopped target User and Group Name Lookups.
[[0;32m  OK  [0m] Stopped target Basic System.
[[0;32m  OK  [0m] Stopped target Sockets.
[[0;32m  OK  [0m] Closed Syslog Socket.
[[0;32m  OK  [0m] Closed UUID daemon activation socket.
[[0;32m  OK  [0m] Closed D-Bus System Message Bus Socket.
[[0;32m  OK  [0m] Closed LXD - unix socket.
[[0;32m  OK  [0m] Closed ACPID Listen Socket.
[[0;32m  OK  [0m] Closed Socket activation for snappy daemon.
[[0;32m  OK  [0m] Stopped target Paths.
[[0;32m  OK  [0m] Stopped Forward Password Requests to Wall Directory Watch.
[[0;32m  OK  [0m] Stopped ACPI Events Check.
[[0;32m  OK  [0m] Stopped target System Initialization.
         Stopping Load/Save Random Seed...
[[0;32m  OK  [0m] Stopped Commit a transient machine-id on disk.
[[0;32m  OK  [0m] Stopped target Encrypted Volumes.
[[0;32m  OK  [0m] Stopped target Swap.
[[0;32m  OK  [0m] Stopped Create Volatile Files and Directories.
[[0;32m  OK  [0m] Stopped Dispatch Password Requests to Console Directory Watch.
[[0;32m  OK  [0m] Stopped target Slices.
[[0;32m  OK  [0m] Removed slice User and Session Slice.
[[0;32m  OK  [0m] Stopped Load/Save Random Seed.
[[0;32m  OK  [0m] Stopped Login to default iSCSI targets.
         Stopping iSCSI initiator daemon (iscsid)...
[[0;32m  OK  [0m] Stopped iSCSI initiator daemon (iscsid).
[[0;32m  OK  [0m] Stopped target Network is Online.
[[0;32m  OK  [0m] Stopped Initial cloud-init job (metadata service crawler).
[[0;32m  OK  [0m] Stopped target Network.
         Stopping Raise network interfaces...
[[0;32m  OK  [0m] Stopped Raise network interfaces.
[[0;32m  OK  [0m] Stopped target Local File Systems.
         Unmounting /run/user/1000...
[[0;32m  OK  [0m] Stopped Apply Kernel Variables.
[[0;32m  OK  [0m] Stopped Load Kernel Modules.
[[0;32m  OK  [0m] Stopped target Network (Pre).
[[0;32m  OK  [0m] Stopped Initial cloud-init job (pre-networking).
[[0;32m  OK  [0m] Unmounted /run/user/1000.
[[0;32m  OK  [0m] Reached target Unmount All Filesystems.
[[0;32m  OK  [0m] Stopped target Local File Systems (Pre).
         Stopping Monitoring of LVM2 mirrors... dmeventd or progress polling...
[[0;32m  OK  [0m] Stopped Remount Root and Kernel File Systems.
[[0;32m  OK  [0m] Stopped Create Static Device Nodes in /dev.
[[0;32m  OK  [0m] Reached target Shutdown.
[75432.787476] reboot: Power down
