[    0.000000] Initializing cgroup subsys cpuset
[    0.000000] Initializing cgroup subsys cpu
[    0.000000] Initializing cgroup subsys cpuacct
[    0.000000] Linux version 4.4.0-210-generic (buildd@lgw01-amd64-009) (gcc version 5.4.0 20160609 (Ubuntu 5.4.0-6ubuntu1~16.04.12) ) #242-Ubuntu SMP Fri Apr 16 09:57:56 UTC 2021 (Ubuntu 4.4.0-210.242-generic 4.4.262)
[    0.000000] Command line: BOOT_IMAGE=/boot/vmlinuz-4.4.0-210-generic root=LABEL=cloudimg-rootfs ro console=tty1 console=ttyS0
[    0.000000] KERNEL supported cpus:
[    0.000000]   Intel GenuineIntel
[    0.000000]   AMD AuthenticAMD
[    0.000000]   Centaur CentaurHauls
[    0.000000] x86/fpu: xstate_offset[2]:  576, xstate_sizes[2]:  256
[    0.000000] x86/fpu: Supporting XSAVE feature 0x01: 'x87 floating point registers'
[    0.000000] x86/fpu: Supporting XSAVE feature 0x02: 'SSE registers'
[    0.000000] x86/fpu: Supporting XSAVE feature 0x04: 'AVX registers'
[    0.000000] x86/fpu: Enabled xstate features 0x7, context size is 832 bytes, using 'standard' format.
[    0.000000] e820: BIOS-provided physical RAM map:
[    0.000000] BIOS-e820: [mem 0x0000000000000000-0x000000000009fbff] usable
[    0.000000] BIOS-e820: [mem 0x000000000009fc00-0x000000000009ffff] reserved
[    0.000000] BIOS-e820: [mem 0x00000000000f0000-0x00000000000fffff] reserved
[    0.000000] BIOS-e820: [mem 0x0000000000100000-0x000000003ffeffff] usable
[    0.000000] BIOS-e820: [mem 0x000000003fff0000-0x000000003fffffff] ACPI data
[    0.000000] BIOS-e820: [mem 0x00000000fec00000-0x00000000fec00fff] reserved
[    0.000000] BIOS-e820: [mem 0x00000000fee00000-0x00000000fee00fff] reserved
[    0.000000] BIOS-e820: [mem 0x00000000fffc0000-0x00000000ffffffff] reserved
[    0.000000] NX (Execute Disable) protection: active
[    0.000000] SMBIOS 2.5 present.
[    0.000000] Hypervisor detected: KVM
[    0.000000] e820: last_pfn = 0x3fff0 max_arch_pfn = 0x400000000
[    0.000000] MTRR: Disabled
[    0.000000] x86/PAT: MTRRs disabled, skipping PAT initialization too.
[    0.000000] CPU MTRRs all blank - virtualized system.
[    0.000000] x86/PAT: Configuration [0-7]: WB  WT  UC- UC  WB  WT  UC- UC  
[    0.000000] found SMP MP-table at [mem 0x0009fff0-0x0009ffff] mapped at [ffff88000009fff0]
[    0.000000] Scanning 1 areas for low memory corruption
[    0.000000] RAMDISK: [mem 0x362dc000-0x37165fff]
[    0.000000] ACPI: Early table checksum verification disabled
[    0.000000] ACPI: RSDP 0x00000000000E0000 000024 (v02 VBOX  )
[    0.000000] ACPI: XSDT 0x000000003FFF0030 00003C (v01 VBOX   VBOXXSDT 00000001 ASL  00000061)
[    0.000000] ACPI: FACP 0x000000003FFF00F0 0000F4 (v04 VBOX   VBOXFACP 00000001 ASL  00000061)
[    0.000000] ACPI: DSDT 0x000000003FFF0470 002325 (v02 VBOX   VBOXBIOS 00000002 INTL 20120111)
[    0.000000] ACPI: FACS 0x000000003FFF0200 000040
[    0.000000] ACPI: FACS 0x000000003FFF0200 000040
[    0.000000] ACPI: APIC 0x000000003FFF0240 00005C (v02 VBOX   VBOXAPIC 00000001 ASL  00000061)
[    0.000000] ACPI: SSDT 0x000000003FFF02A0 0001CC (v01 VBOX   VBOXCPUT 00000002 INTL 20120111)
[    0.000000] No NUMA configuration found
[    0.000000] Faking a node at [mem 0x0000000000000000-0x000000003ffeffff]
[    0.000000] NODE_DATA(0) allocated [mem 0x3ffeb000-0x3ffeffff]
[    0.000000] kvm-clock: Using msrs 4b564d01 and 4b564d00
[    0.000000] kvm-clock: cpu 0, msr 0:3ffe3001, primary cpu clock
[    0.000000] kvm-clock: using sched offset of 3725995469 cycles
[    0.000000] clocksource: kvm-clock: mask: 0xffffffffffffffff max_cycles: 0x1cd42e4dffb, max_idle_ns: 881590591483 ns
[    0.000000] Zone ranges:
[    0.000000]   DMA      [mem 0x0000000000001000-0x0000000000ffffff]
[    0.000000]   DMA32    [mem 0x0000000001000000-0x000000003ffeffff]
[    0.000000]   Normal   empty
[    0.000000]   Device   empty
[    0.000000] Movable zone start for each node
[    0.000000] Early memory node ranges
[    0.000000]   node   0: [mem 0x0000000000001000-0x000000000009efff]
[    0.000000]   node   0: [mem 0x0000000000100000-0x000000003ffeffff]
[    0.000000] Initmem setup node 0 [mem 0x0000000000001000-0x000000003ffeffff]
[    0.000000] ACPI: PM-Timer IO Port: 0x4008
[    0.000000] IOAPIC[0]: apic_id 2, version 32, address 0xfec00000, GSI 0-23
[    0.000000] ACPI: INT_SRC_OVR (bus 0 bus_irq 0 global_irq 2 dfl dfl)
[    0.000000] ACPI: INT_SRC_OVR (bus 0 bus_irq 9 global_irq 9 low level)
[    0.000000] Using ACPI (MADT) for SMP configuration information
[    0.000000] smpboot: Allowing 2 CPUs, 0 hotplug CPUs
[    0.000000] PM: Registered nosave memory: [mem 0x00000000-0x00000fff]
[    0.000000] PM: Registered nosave memory: [mem 0x0009f000-0x0009ffff]
[    0.000000] PM: Registered nosave memory: [mem 0x000a0000-0x000effff]
[    0.000000] PM: Registered nosave memory: [mem 0x000f0000-0x000fffff]
[    0.000000] e820: [mem 0x40000000-0xfebfffff] available for PCI devices
[    0.000000] Booting paravirtualized kernel on KVM
[    0.000000] clocksource: refined-jiffies: mask: 0xffffffff max_cycles: 0xffffffff, max_idle_ns: 7645519600211568 ns
[    0.000000] setup_percpu: NR_CPUS:512 nr_cpumask_bits:512 nr_cpu_ids:2 nr_node_ids:1
[    0.000000] PERCPU: Embedded 33 pages/cpu @ffff88003fc00000 s95192 r8192 d31784 u1048576
[    0.000000] Built 1 zonelists in Node order, mobility grouping on.  Total pages: 257912
[    0.000000] Policy zone: DMA32
[    0.000000] Kernel command line: BOOT_IMAGE=/boot/vmlinuz-4.4.0-210-generic root=LABEL=cloudimg-rootfs ro console=tty1 console=ttyS0
[    0.000000] PID hash table entries: 4096 (order: 3, 32768 bytes)
[    0.000000] Memory: 997792K/1048120K available (8644K kernel code, 1332K rwdata, 4044K rodata, 1492K init, 1164K bss, 50328K reserved, 0K cma-reserved)
[    0.000000] SLUB: HWalign=64, Order=0-3, MinObjects=0, CPUs=2, Nodes=1
[    0.000000] Kernel/User page tables isolation: enabled
[    0.000000] Hierarchical RCU implementation.
[    0.000000] 	Build-time adjustment of leaf fanout to 64.
[    0.000000] 	RCU restricting CPUs from NR_CPUS=512 to nr_cpu_ids=2.
[    0.000000] RCU: Adjusting geometry for rcu_fanout_leaf=64, nr_cpu_ids=2
[    0.000000] NR_IRQS:33024 nr_irqs:440 16
[    0.000000] Console: colour VGA+ 80x25
[    0.000000] console [tty1] enabled
[    0.000000] console [ttyS0] enabled
[    0.000000] tsc: Detected 2599.998 MHz processor
[    0.194836] Calibrating delay loop (skipped) preset value.. 5199.99 BogoMIPS (lpj=10399992)
[    0.197258] pid_max: default: 32768 minimum: 301
[    0.198549] ACPI: Core revision 20150930
[    0.200516] ACPI: 2 ACPI AML tables successfully acquired and loaded
[    0.202300] Security Framework initialized
[    0.203708] Yama: becoming mindful.
[    0.204745] AppArmor: AppArmor initialized
[    0.206155] Dentry cache hash table entries: 131072 (order: 8, 1048576 bytes)
[    0.210015] Inode-cache hash table entries: 65536 (order: 7, 524288 bytes)
[    0.212772] Mount-cache hash table entries: 2048 (order: 2, 16384 bytes)
[    0.214535] Mountpoint-cache hash table entries: 2048 (order: 2, 16384 bytes)
[    0.216649] Initializing cgroup subsys io
[    0.218132] Initializing cgroup subsys memory
[    0.219899] Initializing cgroup subsys devices
[    0.221529] Initializing cgroup subsys freezer
[    0.223206] Initializing cgroup subsys net_cls
[    0.225040] Initializing cgroup subsys perf_event
[    0.226505] Initializing cgroup subsys net_prio
[    0.227742] Initializing cgroup subsys hugetlb
[    0.228941] Initializing cgroup subsys pids
[    0.236961] mce: CPU supports 0 MCE banks
[    0.239546] Last level iTLB entries: 4KB 1024, 2MB 1024, 4MB 1024
[    0.243043] Last level dTLB entries: 4KB 1024, 2MB 1024, 4MB 1024, 1GB 4
[    0.247528] Spectre V1 : Mitigation: usercopy/swapgs barriers and __user pointer sanitization
[    0.250279] Spectre V2 : Mitigation: Full generic retpoline
[    0.251787] Spectre V2 : Spectre v2 / SpectreRSB mitigation: Filling RSB on context switch
[    0.254065] Speculative Store Bypass: Vulnerable
[    0.255299] SRBDS: Unknown: Dependent on hypervisor status
[    0.256829] MDS: Mitigation: Clear CPU buffers
[    0.260954] Freeing SMP alternatives memory: 36K
[    0.271196] ftrace: allocating 32380 entries in 127 pages
[    0.332498] smpboot: APIC(0) Converting physical 0 to logical package 0
[    0.334597] smpboot: Max logical packages: 1
[    0.336053] x2apic enabled
[    0.337417] Switched APIC routing to physical x2apic.
[    0.341145] ..TIMER: vector=0x30 apic1=0 pin1=2 apic2=-1 pin2=-1
[    0.450831] smpboot: CPU0: Intel(R) Core(TM) i5-4278U CPU @ 2.60GHz (family: 0x6, model: 0x45, stepping: 0x1)
[    0.454038] Performance Events: unsupported p6 CPU model 69 no PMU driver, software events only.
[    0.468373] KVM setup paravirtual spinlock
[    0.470434] x86: Booting SMP configuration:
[    0.471807] .... node  #0, CPUs:      #1
[    0.473003] kvm-clock: cpu 1, msr 0:3ffe3041, secondary cpu clock
[    0.481751] mce: CPU supports 0 MCE banks
[    0.485815] x86: Booted up 1 node, 2 CPUs
[    0.487847] smpboot: Total of 2 processors activated (10399.99 BogoMIPS)
[    0.490685] devtmpfs: initialized
[    0.492963] evm: security.selinux
[    0.493943] evm: security.SMACK64
[    0.494937] evm: security.SMACK64EXEC
[    0.496017] evm: security.SMACK64TRANSMUTE
[    0.497206] evm: security.SMACK64MMAP
[    0.498460] evm: security.ima
[    0.499795] evm: security.capability
[    0.501150] clocksource: jiffies: mask: 0xffffffff max_cycles: 0xffffffff, max_idle_ns: 7645041785100000 ns
[    0.504062] futex hash table entries: 512 (order: 3, 32768 bytes)
[    0.505751] pinctrl core: initialized pinctrl subsystem
[    0.507590] RTC time:  1:44:35, date: 06/29/22
[    0.509524] NET: Registered protocol family 16
[    0.523029] cpuidle: using governor ladder
[    0.535951] cpuidle: using governor menu
[    0.537329] PCCT header not found.
[    0.538601] ACPI: bus type PCI registered
[    0.539735] acpiphp: ACPI Hot Plug PCI Controller Driver version: 0.5
[    0.541485] PCI: Using configuration type 1 for base access
[    0.556280] ACPI: Added _OSI(Module Device)
[    0.557680] ACPI: Added _OSI(Processor Device)
[    0.559020] ACPI: Added _OSI(3.0 _SCP Extensions)
[    0.560439] ACPI: Added _OSI(Processor Aggregator Device)
[    0.562686] ACPI: Executed 1 blocks of module-level executable AML code
[    0.566955] ACPI: Interpreter enabled
[    0.568281] ACPI: (supports S0 S5)
[    0.569398] ACPI: Using IOAPIC for interrupt routing
[    0.571034] PCI: Using host bridge windows from ACPI; if necessary, use "pci=nocrs" and report a bug
[    0.578371] ACPI: PCI Root Bridge [PCI0] (domain 0000 [bus 00-ff])
[    0.580255] acpi PNP0A03:00: _OSC: OS supports [ASPM ClockPM Segments MSI]
[    0.582304] acpi PNP0A03:00: _OSC: not requesting OS control; OS requires [ExtendedConfig ASPM ClockPM MSI]
[    0.585199] acpi PNP0A03:00: fail to add MMCONFIG information, can't access extended PCI configuration space under this bridge.
[    0.588694] PCI host bridge to bus 0000:00
[    0.589835] pci_bus 0000:00: root bus resource [io  0x0000-0x0cf7 window]
[    0.591655] pci_bus 0000:00: root bus resource [io  0x0d00-0xffff window]
[    0.593440] pci_bus 0000:00: root bus resource [mem 0x000a0000-0x000bffff window]
[    0.595702] pci_bus 0000:00: root bus resource [mem 0x40000000-0xfdffffff window]
[    0.597857] pci_bus 0000:00: root bus resource [bus 00-ff]
[    0.602441] pci 0000:00:01.1: legacy IDE quirk: reg 0x10: [io  0x01f0-0x01f7]
[    0.604451] pci 0000:00:01.1: legacy IDE quirk: reg 0x14: [io  0x03f6]
[    0.606090] pci 0000:00:01.1: legacy IDE quirk: reg 0x18: [io  0x0170-0x0177]
[    0.618008] pci 0000:00:01.1: legacy IDE quirk: reg 0x1c: [io  0x0376]
[    0.640848] pci 0000:00:07.0: quirk: [io  0x4000-0x403f] claimed by PIIX4 ACPI
[    0.643531] pci 0000:00:07.0: quirk: [io  0x4100-0x410f] claimed by PIIX4 SMB
[    0.658956] ACPI: PCI Interrupt Link [LNKA] (IRQs 5 9 10 *11)
[    0.661257] ACPI: PCI Interrupt Link [LNKB] (IRQs 5 9 *10 11)
[    0.663276] ACPI: PCI Interrupt Link [LNKC] (IRQs 5 *9 10 11)
[    0.665211] ACPI: PCI Interrupt Link [LNKD] (IRQs 5 9 10 *11)
[    0.667597] ACPI: Enabled 2 GPEs in block 00 to 07
[    0.669433] vgaarb: setting as boot device: PCI:0000:00:02.0
[    0.671265] vgaarb: device added: PCI:0000:00:02.0,decodes=io+mem,owns=io+mem,locks=none
[    0.673476] vgaarb: loaded
[    0.674511] vgaarb: bridge control possible 0000:00:02.0
[    0.676161] SCSI subsystem initialized
[    0.677542] ACPI: bus type USB registered
[    0.678799] usbcore: registered new interface driver usbfs
[    0.680787] usbcore: registered new interface driver hub
[    0.682294] usbcore: registered new device driver usb
[    0.685494] PCI: Using ACPI for IRQ routing
[    0.687621] NetLabel: Initializing
[    0.688796] NetLabel:  domain hash size = 128
[    0.689989] NetLabel:  protocols = UNLABELED CIPSOv4
[    0.691561] NetLabel:  unlabeled traffic allowed by default
[    0.693159] amd_nb: Cannot enumerate AMD northbridges
[    0.694696] clocksource: Switched to clocksource kvm-clock
[    0.705240] AppArmor: AppArmor Filesystem Enabled
[    0.706855] pnp: PnP ACPI init
[    0.709300] pnp: PnP ACPI: found 3 devices
[    0.719553] clocksource: acpi_pm: mask: 0xffffff max_cycles: 0xffffff, max_idle_ns: 2085701024 ns
[    0.723071] NET: Registered protocol family 2
[    0.726200] TCP established hash table entries: 8192 (order: 4, 65536 bytes)
[    0.729085] TCP bind hash table entries: 8192 (order: 5, 131072 bytes)
[    0.730875] TCP: Hash tables configured (established 8192 bind 8192)
[    0.732548] UDP hash table entries: 512 (order: 2, 16384 bytes)
[    0.734062] UDP-Lite hash table entries: 512 (order: 2, 16384 bytes)
[    0.735764] NET: Registered protocol family 1
[    0.736980] pci 0000:00:00.0: Limiting direct PCI/PCI transfers
[    0.738900] pci 0000:00:01.0: Activating ISA DMA hang workarounds
[    0.740847] Unpacking initramfs...
[    0.956541] Freeing initrd memory: 14888K
[    0.958279] RAPL PMU detected, API unit is 2^-32 Joules, 4 fixed counters 10737418240 ms ovfl timer
[    0.961341] hw unit of domain pp0-core 2^-0 Joules
[    0.962643] hw unit of domain package 2^-0 Joules
[    0.964004] hw unit of domain dram 2^-0 Joules
[    0.965209] hw unit of domain pp1-gpu 2^-0 Joules
[    0.966490] clocksource: tsc: mask: 0xffffffffffffffff max_cycles: 0x257a3a7b45f, max_idle_ns: 440795312762 ns
[    0.969416] platform rtc_cmos: registered platform RTC device (no PNP device found)
[    0.971768] Scanning for low memory corruption every 60 seconds
[    0.973679] audit: initializing netlink subsys (disabled)
[    0.975399] audit: type=2000 audit(1656467081.144:1): initialized
[    0.977357] Initialise system trusted keyring
[    0.979100] HugeTLB registered 2 MB page size, pre-allocated 0 pages
[    0.982237] zbud: loaded
[    0.983769] VFS: Disk quotas dquot_6.6.0
[    0.985314] VFS: Dquot-cache hash table entries: 512 (order 0, 4096 bytes)
[    0.988221] squashfs: version 4.0 (2009/01/31) Phillip Lougher
[    0.990407] fuse init (API version 7.23)
[    0.992328] Key type big_key registered
[    0.993465] Allocating IMA MOK and blacklist keyrings.
[    1.000312] Key type asymmetric registered
[    1.001482] Asymmetric key parser 'x509' registered
[    1.002910] Block layer SCSI generic (bsg) driver version 0.4 loaded (major 249)
[    1.005731] io scheduler noop registered
[    1.007270] io scheduler deadline registered (default)
[    1.010437] io scheduler cfq registered
[    1.012066] pci_hotplug: PCI Hot Plug PCI Core version: 0.5
[    1.014192] pciehp: PCI Express Hot Plug Controller Driver version: 0.4
[    1.018652] ACPI: AC Adapter [AC] (on-line)
[    1.022365] input: Power Button as /devices/LNXSYSTM:00/LNXPWRBN:00/input/input0
[    1.029453] ACPI: Power Button [PWRF]
[    1.031913] input: Sleep Button as /devices/LNXSYSTM:00/LNXSLPBN:00/input/input1
[    1.036518] ACPI: Sleep Button [SLPF]
[    1.039199] GHES: HEST is not enabled!
[    1.041647] Serial: 8250/16550 driver, 32 ports, IRQ sharing enabled
[    1.069209] 00:02: ttyS0 at I/O 0x3f8 (irq = 4, base_baud = 115200) is a 16550A
[    1.075704] Linux agpgart interface v0.103
[    1.082171] loop: module loaded
[    1.084251] scsi host0: ata_piix
[    1.085538] scsi host1: ata_piix
[    1.086715] ata1: PATA max UDMA/33 cmd 0x1f0 ctl 0x3f6 bmdma 0xd000 irq 14
[    1.091754] ata2: PATA max UDMA/33 cmd 0x170 ctl 0x376 bmdma 0xd008 irq 15
[    1.099853] libphy: Fixed MDIO Bus: probed
[    1.101418] tun: Universal TUN/TAP device driver, 1.6
[    1.102814] tun: (C) 1999-2004 Max Krasnyansky <maxk@qualcomm.com>
[    1.104529] PPP generic driver version 2.4.2
[    1.105769] ehci_hcd: USB 2.0 'Enhanced' Host Controller (EHCI) Driver
[    1.107644] ehci-pci: EHCI PCI platform driver
[    1.108866] ehci-platform: EHCI generic platform driver
[    1.110526] ohci_hcd: USB 1.1 'Open' Host Controller (OHCI) Driver
[    1.112369] ohci-pci: OHCI PCI platform driver
[    1.113599] ohci-platform: OHCI generic platform driver
[    1.114989] uhci_hcd: USB Universal Host Controller Interface driver
[    1.117139] i8042: PNP: PS/2 Controller [PNP0303:PS2K,PNP0f03:PS2M] at 0x60,0x64 irq 1,12
[    1.119969] serio: i8042 KBD port at 0x60,0x64 irq 1
[    1.121313] serio: i8042 AUX port at 0x60,0x64 irq 12
[    1.122783] mousedev: PS/2 mouse device common for all mice
[    1.125100] input: AT Translated Set 2 keyboard as /devices/platform/i8042/serio0/input/input2
[    1.127598] rtc_cmos rtc_cmos: rtc core: registered rtc_cmos as rtc0
[    1.129484] rtc_cmos rtc_cmos: alarms up to one day, 114 bytes nvram
[    1.131117] i2c /dev entries driver
[    1.132187] device-mapper: uevent: version 1.0.3
[    1.133623] device-mapper: ioctl: 4.34.0-ioctl (2015-10-28) initialised: dm-devel@redhat.com
[    1.136085] ledtrig-cpu: registered to indicate activity on CPUs
[    1.138211] NET: Registered protocol family 10
[    1.139857] NET: Registered protocol family 17
[    1.141089] Key type dns_resolver registered
[    1.142691] registered taskstats version 1
[    1.143996] Loading compiled-in X.509 certificates
[    1.145885] Loaded X.509 cert 'Build time autogenerated kernel key: cf00e047681d67edb2720680708b7d9498083038'
[    1.149348] zswap: loaded using pool lzo/zbud
[    1.152513] Key type trusted registered
[    1.156915] Key type encrypted registered
[    1.158185] AppArmor: AppArmor sha1 policy hashing enabled
[    1.159692] ima: No TPM chip found, activating TPM-bypass!
[    1.161129] ima: Allocated hash algorithm: sha1
[    1.162362] evm: HMAC attrs: 0x1
[    1.164044]   Magic number: 10:965:711
[    1.165390] rtc_cmos rtc_cmos: setting system clock to 2022-06-29 01:44:35 UTC (1656467075)
[    1.168069] BIOS EDD facility v0.16 2004-Jun-25, 0 devices found
[    1.169619] EDD information not available.
[    1.279335] Freeing unused kernel memory: 1492K
[    1.280925] Write protecting the kernel read-only data: 14336k
[    1.282879] Freeing unused kernel memory: 1584K
[    1.284297] Freeing unused kernel memory: 52K
Loading, please wait...
starting version 229
[    1.299934] random: systemd-udevd: uninitialized urandom read (16 bytes read, 2 bits of entropy available)
[    1.300628] random: udevadm: uninitialized urandom read (16 bytes read, 2 bits of entropy available)
[    1.300653] random: udevadm: uninitialized urandom read (16 bytes read, 2 bits of entropy available)
[    1.308623] random: udevadm: uninitialized urandom read (16 bytes read, 2 bits of entropy available)
[    1.308673] random: udevadm: uninitialized urandom read (16 bytes read, 2 bits of entropy available)
[    1.308807] random: udevadm: uninitialized urandom read (16 bytes read, 2 bits of entropy available)
[    1.308859] random: udevadm: uninitialized urandom read (16 bytes read, 2 bits of entropy available)
[    1.308908] random: udevadm: uninitialized urandom read (16 bytes read, 2 bits of entropy available)
[    1.309005] random: udevadm: uninitialized urandom read (16 bytes read, 2 bits of entropy available)
[    1.309059] random: udevadm: uninitialized urandom read (16 bytes read, 2 bits of entropy available)
[    1.367618] Fusion MPT base driver 3.04.20
[    1.369195] Copyright (c) 1999-2008 LSI Corporation
[    1.371915] e1000: Intel(R) PRO/1000 Network Driver - version 7.3.21-k8-NAPI
[    1.373754] e1000: Copyright (c) 1999-2006 Intel Corporation.
[    1.377732] Fusion MPT SPI Host driver 3.04.20
[    1.398501] AVX2 version of gcm_enc/dec engaged.
[    1.400080] AES CTR mode by8 optimization enabled
[    1.584756] input: ImExPS/2 Generic Explorer Mouse as /devices/platform/i8042/serio1/input/input4
[    1.785062] e1000 0000:00:03.0 eth0: (PCI:33MHz:32-bit) 02:be:82:6b:cc:1d
[    1.787174] e1000 0000:00:03.0 eth0: Intel(R) PRO/1000 Network Connection
[    1.790367] mptbase: ioc0: Initiating bringup
[    1.855871] ioc0: LSI53C1030 A0: Capabilities={Initiator}
[    2.017357] scsi host2: ioc0: LSI53C1030 A0, FwRev=00000000h, Ports=1, MaxQ=256, IRQ=20
[    2.131845] scsi 2:0:0:0: Direct-Access     VBOX     HARDDISK         1.0  PQ: 0 ANSI: 5
[    2.135470] scsi target2:0:0: Beginning Domain Validation
[    2.139042] scsi target2:0:0: Domain Validation skipping write tests
[    2.142227] scsi target2:0:0: Ending Domain Validation
[    2.144306] scsi target2:0:0: asynchronous
[    2.146653] scsi 2:0:1:0: Direct-Access     VBOX     HARDDISK         1.0  PQ: 0 ANSI: 5
[    2.174484] scsi target2:0:1: Beginning Domain Validation
[    2.181488] scsi target2:0:1: Domain Validation skipping write tests
[    2.185958] scsi target2:0:1: Ending Domain Validation
[    2.191058] scsi target2:0:1: asynchronous
[    2.214534] sd 2:0:0:0: Attached scsi generic sg0 type 0
[    2.220296] sd 2:0:0:0: [sda] 83886080 512-byte logical blocks: (42.9 GB/40.0 GiB)
[    2.228484] sd 2:0:1:0: [sdb] 20480 512-byte logical blocks: (10.5 MB/10.0 MiB)
[    2.239191] sd 2:0:1:0: Attached scsi generic sg1 type 0
[    2.240719] sd 2:0:0:0: [sda] Write Protect is off
[    2.249292] sd 2:0:0:0: [sda] Incomplete mode parameter data
[    2.251772] sd 2:0:0:0: [sda] Assuming drive cache: write through
[    2.254089] sd 2:0:1:0: [sdb] Write Protect is off
[    2.256253] sd 2:0:1:0: [sdb] Incomplete mode parameter data
[    2.258363] sd 2:0:1:0: [sdb] Assuming drive cache: write through
[    2.265856]  sda: sda1
[    2.268245] sd 2:0:0:0: [sda] Attached SCSI disk
[    2.271323] sd 2:0:1:0: [sdb] Attached SCSI disk
[    2.589370] e1000 0000:00:08.0 eth1: (PCI:33MHz:32-bit) 08:00:27:b0:ce:3a
[    2.591739] e1000 0000:00:08.0 eth1: Intel(R) PRO/1000 Network Connection
[    2.594606] e1000 0000:00:08.0 enp0s8: renamed from eth1
[    2.607533] e1000 0000:00:03.0 enp0s3: renamed from eth0
Begin: Loading essential drivers ... [    3.937328] md: linear personality registered for level -1
[    3.941603] md: multipath personality registered for level -4
[    3.946058] md: raid0 personality registered for level 0
[    3.951747] md: raid1 personality registered for level 1
[    4.024429] raid6: sse2x1   gen()  9758 MB/s
[    4.091447] raid6: sse2x1   xor()  7490 MB/s
[    4.158770] raid6: sse2x2   gen() 11695 MB/s
[    4.226790] raid6: sse2x2   xor()  7635 MB/s
[    4.294743] raid6: sse2x4   gen() 13748 MB/s
[    4.362950] raid6: sse2x4   xor()  9713 MB/s
[    4.430891] raid6: avx2x1   gen() 11695 MB/s
[    4.498744] raid6: avx2x2   gen() 16090 MB/s
[    4.566788] raid6: avx2x4   gen() 24126 MB/s
[    4.568460] raid6: using algorithm avx2x4 gen() 24126 MB/s
[    4.575965] raid6: using avx2x2 recovery algorithm
[    4.583800] xor: automatically using best checksumming function:
[    4.622767]    avx       : 26947.000 MB/sec
[    4.626052] async_tx: api initialized (async)
[    4.638995] md: raid6 personality registered for level 6
[    4.640696] md: raid5 personality registered for level 5
[    4.642521] md: raid4 personality registered for level 4
[    4.650570] md: raid10 personality registered for level 10
done.
Begin: Running /scripts/init-premount ... done.
Begin: Mounting root file system ... Begin: Running /scripts/local-top ... done.
Begin: Running /scripts/local-premount ... [    4.685174] Btrfs loaded
Scanning for Btrfs filesystems
done.
Warning: fsck not present, so skipping root file system
[    4.716243] EXT4-fs (sda1): mounted filesystem with ordered data mode. Opts: (null)
done.
Begin: Running /scripts/local-bottom ... done.
Begin: Running /scripts/init-bottom ... done.
[    4.793540] systemd[1]: systemd 229 running in system mode. (+PAM +AUDIT +SELINUX +IMA +APPARMOR +SMACK +SYSVINIT +UTMP +LIBCRYPTSETUP +GCRYPT +GNUTLS +ACL +XZ -LZ4 +SECCOMP +BLKID +ELFUTILS +KMOD -IDN)
[    4.798665] systemd[1]: Detected virtualization oracle.
[    4.800312] systemd[1]: Detected architecture x86-64.

Welcome to [1mUbuntu 16.04.7 LTS[0m!

[    4.804888] systemd[1]: Set hostname to <ubuntu>.
[    4.807868] systemd[1]: Initializing machine ID from random generator.
[    4.809598] systemd[1]: Installed transient /etc/machine-id file.
[    5.329679] systemd[1]: Set up automount Arbitrary Executable File Formats File System Automount Point.
[[0;32m  OK  [0m] Set up automount Arbitrary Executab...ats File System Automount Point.
[    5.334272] systemd[1]: Started Forward Password Requests to Wall Directory Watch.
[[0;32m  OK  [0m] Started Forward Password Requests to Wall Directory Watch.
[    5.338532] systemd[1]: Listening on Journal Socket.
[[0;32m  OK  [0m] Listening on Journal Socket.
[    5.341196] systemd[1]: Listening on Journal Socket (/dev/log).
[[0;32m  OK  [0m] Listening on Journal Socket (/dev/log).
[    5.344220] systemd[1]: Listening on Journal Audit Socket.
[[0;32m  OK  [0m] Listening on Journal Audit Socket.
[    5.347021] systemd[1]: Reached target System Time Synchronized.
[[0;32m  OK  [0m] Reached target System Time Synchronized.
[    5.351489] systemd[1]: Started Trigger resolvconf update for networkd DNS.
[[0;32m  OK  [0m] Started Trigger resolvconf update for networkd DNS.
[    5.355639] systemd[1]: Listening on LVM2 metadata daemon socket.
[[0;32m  OK  [0m] Listening on LVM2 metadata daemon socket.
[    5.358673] systemd[1]: Listening on udev Kernel Socket.
[[0;32m  OK  [0m] Listening on udev Kernel Socket.
[    5.361432] systemd[1]: Reached target User and Group Name Lookups.
[[0;32m  OK  [0m] Reached target User and Group Name Lookups.
[    6.047099] systemd[1]: Listening on Syslog Socket.
[[0;32m  OK  [0m] Listening on Syslog Socket.
[    6.050553] systemd[1]: Listening on LVM2 poll daemon socket.
[[0;32m  OK  [0m] Listening on LVM2 poll daemon socket.
[    6.053614] systemd[1]: Listening on fsck to fsckd communication Socket.
[[0;32m  OK  [0m] Listening on fsck to fsckd communication Socket.
[    6.057138] systemd[1]: Listening on Device-mapper event daemon FIFOs.
[[0;32m  OK  [0m] Listening on Device-mapper event daemon FIFOs.
[    6.060649] systemd[1]: Listening on /dev/initctl Compatibility Named Pipe.
[[0;32m  OK  [0m] Listening on /dev/initctl Compatibility Named Pipe.
[    6.064572] systemd[1]: Created slice System Slice.
[[0;32m  OK  [0m] Created slice System Slice.
[    6.079569] systemd[1]: Starting Monitoring of LVM2 mirrors, snapshots etc. using dmeventd or progress polling...
         Starting Monitoring of LVM2 mirrors... dmeventd or progress polling...
[    6.086132] systemd[1]: Starting File System Check on Root Device...
         Starting File System Check on Root Device...
[    6.092727] systemd[1]: Mounting POSIX Message Queue File System...
         Mounting POSIX Message Queue File System...
[    6.097961] systemd[1]: Starting Journal Service...
         Starting Journal Service...
[    6.104687] systemd[1]: Starting Uncomplicated firewall...
         Starting Uncomplicated firewall...
[    6.111673] systemd[1]: Mounting Huge Pages File System...
         Mounting Huge Pages File System...
[    6.117943] systemd[1]: Starting Nameserver information manager...
         Starting Nameserver information manager...
[    6.122344] systemd[1]: Starting Create list of required static device nodes for the current kernel...
         Starting Create list of required st... nodes for the current kernel...
[    6.130167] systemd[1]: Created slice system-serial\x2dgetty.slice.
[[0;32m  OK  [0m] Created slice system-serial\x2dgetty.slice.
[    6.138846] systemd[1]: Mounting Debug File System...
         Mounting Debug File System...
[    6.142171] systemd[1]: Reached target Encrypted Volumes.
[[0;32m  OK  [0m] Reached target Encrypted Volumes.
[    6.148822] systemd[1]: Starting Load Kernel Modules...
         Starting Load Kernel Modules...
[    6.155515] systemd[1]: Created slice User and Session Slice.
[[0;32m  OK  [0m] Created slice User and Session Slice.
[    6.160157] systemd[1]: Reached target Slices.
[    6.162049] Loading iSCSI transport class v2.0-870.
[[0;32m  OK  [0m] Reached target Slices.
[    6.164901] systemd[1]: Reached target Swap.
[[0;32m  OK  [0m] Reached target Swap.
[    6.167793] systemd[1]: Listening on udev Control Socket.
[[0;32m  OK  [0m] Listening on udev Control Socket.
[    6.171472] iscsi: registered transport (tcp)
[    6.187011] systemd[1]: Starting Set console keymap...
         Starting Set console keymap...
[    6.193575] systemd[1]: Mounted Huge Pages File System.
[[0;32m  OK  [0m] Mounted Huge Pages File System.
[    6.199940] systemd[1]: Mounted POSIX Message Queue File System.
[    6.204529] iscsi: registered transport (iser)
[[0;32m  OK  [0m] Mounted POSIX Message Queue File System.
[    6.208624] systemd[1]: Mounted Debug File System.
[[0;32m  OK  [0m] Mounted Debug File System.
[    6.219233] systemd[1]: Started Journal Service.
[[0;32m  OK  [0m] Started Journal Service.
[[0;32m  OK  [0m] Started File System Check on Root Device.
[[0;32m  OK  [0m] Started Uncomplicated firewall.
[[0;32m  OK  [0m] Started Create list of required sta...ce nodes for the current kernel.
[[0;32m  OK  [0m] Started Load Kernel Modules.
[[0;32m  OK  [0m] Started Set console keymap.
[[0;32m  OK  [0m] Started Nameserver information manager.
[[0;32m  OK  [0m] Started LVM2 metadata daemon.
[[0;32m  OK  [0m] Started File System Check Daemon to report status.
         Mounting FUSE Control File System...
         Starting Apply Kernel Variables...
         Starting Create Static Device Nodes in /dev...
         Starting Remount Root and Kernel File Systems...
[[0;32m  OK  [0m] Mounted FUSE Control File System.
[[0;32m  OK  [0m] Started Apply Kernel Variables.
[[0;32m  OK  [0m] Started Remount Root and Kernel File Systems.
[[0;32m  OK  [0m] Started Create Static Device Nodes in /dev.
         Starting udev Kernel Device Manager...
         Starting Load/Save Random Seed...
         Starting udev Coldplug all Devices...
         Starting Flush Journal to Persistent Storage...
[[0;32m  OK  [0m] Started Load/Save Random Seed.
[[0;32m  OK  [0m] Started Flush Journal to Persistent Storage.
[[0;32m  OK  [0m] Started udev Kernel Device Manager.
[[0;32m  OK  [0m] Started udev Coldplug all Devices.
[[0;32m  OK  [0m] Started Dispatch Password Requests to Console Directory Watch.
[[0;32m  OK  [0m] Found device /dev/ttyS0.
[[0;32m  OK  [0m] Listening on Load/Save RF Kill Switch Status /dev/rfkill Watch.
[[0;32m  OK  [0m] Started Monitoring of LVM2 mirrors,...ng dmeventd or progress polling.
[[0;32m  OK  [0m] Reached target Local File Systems (Pre).
[[0;32m  OK  [0m] Reached target Local File Systems.
         Starting Create Volatile Files and Directories...
         Starting Set console font and keymap...
         Starting Initial cloud-init job (pre-networking)...
         Starting LSB: AppArmor initialization...
         Starting Tell Plymouth To Write Out Runtime Data...
         Starting Commit a transient machine-id on disk...
[[0;32m  OK  [0m] Started Create Volatile Files and Directories.
[[0;32m  OK  [0m] Started Tell Plymouth To Write Out Runtime Data.
[[0;32m  OK  [0m] Started Commit a transient machine-id on disk.
         Starting Update UTMP about System Boot/Shutdown...
[[0;32m  OK  [0m] Started Update UTMP about System Boot/Shutdown.
[[0;32m  OK  [0m] Started Set console font and keymap.
[[0;32m  OK  [0m] Created slice system-getty.slice.
[    8.179829] cloud-init[641]: Cloud-init v. 21.1-19-gbad84ad4-0ubuntu1~16.04.2 running 'init-local' at Wed, 29 Jun 2022 01:44:42 +0000. Up 7.77 seconds.
[[0;32m  OK  [0m] Started LSB: AppArmor initialization.
         Starting Load AppArmor profiles managed internally by snapd...
[[0;32m  OK  [0m] Started Load AppArmor profiles managed internally by snapd.
[[0;32m  OK  [0m] Started Initial cloud-init job (pre-networking).
[[0;32m  OK  [0m] Reached target Network (Pre).
         Starting Raise network interfaces...
[[0;32m  OK  [0m] Started Raise network interfaces.
[[0;32m  OK  [0m] Reached target Network.
         Starting Initial cloud-init job (metadata service crawler)...
[    9.228992] cloud-init[959]: Cloud-init v. 21.1-19-gbad84ad4-0ubuntu1~16.04.2 running 'init' at Wed, 29 Jun 2022 01:44:43 +0000. Up 8.73 seconds.
[    9.231936] cloud-init[959]: ci-info: ++++++++++++++++++++++++++++++++++++++Net device info+++++++++++++++++++++++++++++++++++++++
[    9.235049] cloud-init[959]: ci-info: +--------+-------+----------------------------+---------------+--------+-------------------+
[    9.237736] cloud-init[959]: ci-info: | Device |   Up  |          Address           |      Mask     | Scope  |     Hw-Address    |
[    9.240856] cloud-init[959]: ci-info: +--------+-------+----------------------------+---------------+--------+-------------------+
[    9.244199] cloud-init[959]: ci-info: | enp0s3 |  True |         10.0.2.15          | 255.255.255.0 | global | 02:be:82:6b:cc:1d |
[    9.246989] cloud-init[959]: ci-info: | enp0s3 |  True | fe80::be:82ff:fe6b:cc1d/64 |       .       |  link  | 02:be:82:6b:cc:1d |
[    9.250433] cloud-init[959]: ci-info: | enp0s8 | False |             .              |       .       |   .    | 08:00:27:b0:ce:3a |
[    9.253183] cloud-init[959]: ci-info: |   lo   |  True |         127.0.0.1          |   255.0.0.0   |  host  |         .         |
[    9.256133] cloud-init[959]: ci-info: |   lo   |  True |          ::1/128           |       .       |  host  |         .         |
[    9.259447] cloud-init[959]: ci-info: +--------+-------+----------------------------+---------------+--------+-------------------+
[    9.262235] cloud-init[959]: ci-info: +++++++++++++++++++++++++++Route IPv4 info++++++++++++++++++++++++++++
[    9.265389] cloud-init[959]: ci-info: +-------+-------------+----------+---------------+-----------+-------+
[    9.268087] cloud-init[959]: ci-info: | Route | Destination | Gateway  |    Genmask    | Interface | Flags |
[    9.270794] cloud-init[959]: ci-info: +-------+-------------+----------+---------------+-----------+-------+
[    9.272963] cloud-init[959]: ci-info: |   0   |   0.0.0.0   | 10.0.2.2 |    0.0.0.0    |   enp0s3  |   UG  |
[    9.275847] cloud-init[959]: ci-info: |   1   |   10.0.2.0  | 0.0.0.0  | 255.255.255.0 |   enp0s3  |   U   |
[    9.278624] cloud-init[959]: ci-info: +-------+-------------+----------+---------------+-----------+-------+
[    9.281228] cloud-init[959]: ci-info: +++++++++++++++++++Route IPv6 info+++++++++++++++++++
[    9.283860] cloud-init[959]: ci-info: +-------+-------------+---------+-----------+-------+
[    9.286301] cloud-init[959]: ci-info: | Route | Destination | Gateway | Interface | Flags |
[    9.288802] cloud-init[959]: ci-info: +-------+-------------+---------+-----------+-------+
[    9.291443] cloud-init[959]: ci-info: |   0   |  fe80::/64  |    ::   |   enp0s3  |   U   |
[    9.293553] cloud-init[959]: ci-info: |   3   |   ff00::/8  |    ::   |   enp0s3  |   U   |
[    9.296516] cloud-init[959]: ci-info: +-------+-------------+---------+-----------+-------+
[    9.298537] cloud-init[959]: Generating public/private rsa key pair.
[    9.300644] cloud-init[959]: Your identification has been saved in /etc/ssh/ssh_host_rsa_key.
[    9.304163] cloud-init[959]: Your public key has been saved in /etc/ssh/ssh_host_rsa_key.pub.
[    9.307443] cloud-init[959]: The key fingerprint is:
[    9.309462] cloud-init[959]: SHA256:xp9+7qj/JOHI2on7mxupayQ6xZwzfOFJAwVetFi+ZxM root@ubuntu-xenial
[    9.312243] cloud-init[959]: The key's randomart image is:
[    9.314635] cloud-init[959]: +---[RSA 2048]----+
[    9.315680] cloud-init[959]: |    .+=          |
[    9.317242] cloud-init[959]: |   ..= .         |
[    9.318763] cloud-init[959]: |    o.o E        |
[    9.320300] cloud-init[959]: |      +o .       |
[    9.321780] cloud-init[959]: |   + +.+S .      |
[    9.323473] cloud-init[959]: |    X == * o     |
[    9.324813] cloud-init[959]: |   o *  = = .    |
[    9.326404] cloud-init[959]: |  o   .= = +.    |
[    9.327679] cloud-init[959]: |   . .*+O=+=+    |
[    9.329156] cloud-init[959]: +----[SHA256]-----+
[    9.330760] cloud-init[959]: Generating public/private dsa key pair.
[    9.332455] cloud-init[959]: Your identification has been saved in /etc/ssh/ssh_host_dsa_key.
[    9.334671] cloud-init[959]: Your public key has been saved in /etc/ssh/ssh_host_dsa_key.pub.
[    9.337351] cloud-init[959]: The key fingerprint is:
[    9.339039] cloud-init[959]: SHA256:Re+wyUC2jKe+wlPMvcTUJ7zJn9oQvudai5Jb6bO7q4Q root@ubuntu-xenial
[    9.341877] cloud-init[959]: The key's randomart image is:
[    9.343525] cloud-init[959]: +---[DSA 1024]----+
[    9.345188] cloud-init[959]: |        o .      |
[    9.346498] cloud-init[959]: |       = o .     |
[    9.347775] cloud-init[959]: |      . =oo .    |
[    9.349079] cloud-init[959]: |       o.++=.    |
[    9.350740] cloud-init[959]: |     o.+S.==.    |
[    9.351993] cloud-init[959]: |     .+.+.+o     |
[    9.353541] cloud-init[959]: |   . .E..o=...   |
[    9.354984] cloud-init[959]: |    +  o+o.*+.   |
[    9.357316] cloud-init[959]: |     o. o+@@+    |
[    9.359946] cloud-init[959]: +----[SHA256]-----+
[    9.368588] cloud-init[959]: Generating public/private ecdsa key pair.
[    9.370761] cloud-init[959]: Your identification has been saved in /etc/ssh/ssh_host_ecdsa_key.
[    9.373105] cloud-init[959]: Your public key has been saved in /etc/ssh/ssh_host_ecdsa_key.pub.
[    9.375228] cloud-init[959]: The key fingerprint is:
[    9.377207] cloud-init[959]: SHA256:R6wmpsOe2D4akYXJ8QOjwI97/E1S8zVLAM3bAQej5HE root@ubuntu-xenial
[    9.380241] cloud-init[959]: The key's randomart image is:
[    9.381890] cloud-init[959]: +---[ECDSA 256]---+
[    9.383299] cloud-init[959]: |o +    ++Eo.     |
[    9.385005] cloud-init[959]: |.+ B  o +=o.     |
[    9.386844] cloud-init[959]: |. * +  o  * .    |
[    9.388180] cloud-init[959]: | . + . o + =     |
[    9.389491] cloud-init[959]: |  =   + S + o    |
[    9.390790] cloud-init[959]: | . = + + o .     |
[    9.392116] cloud-init[959]: |  o = +          |
[    9.393482] cloud-init[959]: |   =.+ .         |
[    9.395281] cloud-init[959]: |  oo=.           |
[    9.397637] cloud-init[959]: +----[SHA256]-----+
[    9.399672] cloud-init[959]: Generating public/private ed25519 key pair.
[    9.402584] cloud-init[959]: Your identification has been saved in /etc/ssh/ssh_host_ed25519_key.
[    9.405841] cloud-init[959]: Your public key has been saved in /etc/ssh/ssh_host_ed25519_key.pub.
[    9.408309] cloud-init[959]: The key fingerprint is:
[    9.410095] cloud-init[959]: SHA256:AsdtWakQFn3aUamZhT+7KIjrXA5jdYUo4rpJcD0wa0w root@ubuntu-xenial
[    9.411998] cloud-init[959]: The key's randomart image is:
[    9.413799] cloud-init[959]: +--[ED25519 256]--+
[    9.415001] cloud-init[959]: |      ++  .+..   |
[    9.416451] cloud-init[959]: |     o.o.+= o    |
[    9.418085] cloud-init[959]: |  E o +.==.B     |
[    9.419784] cloud-init[959]: | + * + .o.= o    |
[    9.421306] cloud-init[959]: |. * o o S    o   |
[    9.422767] cloud-init[959]: |.+   o o    .    |
[    9.424221] cloud-init[959]: |..  +...   . .   |
[    9.425905] cloud-init[959]: |.o o.=. . . .    |
[    9.427550] cloud-init[959]: |o  .+..  .       |
[    9.429056] cloud-init[959]: +----[SHA256]-----+
[[0;32m  OK  [0m] Started Initial cloud-init job (metadata service crawler).
[[0;32m  OK  [0m] Reached target System Initialization.
[[0;32m  OK  [0m] Started Ubuntu Advantage update messaging.
[[0;32m  OK  [0m] Listening on D-Bus System Message Bus Socket.
[[0;32m  OK  [0m] Started ACPI Events Check.
[[0;32m  OK  [0m] Reached target Paths.
[[0;32m  OK  [0m] Started Message of the Day.
         Starting Socket activation for snappy daemon.
[[0;32m  OK  [0m] Started Daily Cleanup of Temporary Directories.
[[0;32m  OK  [0m] Started Daily apt download activities.
[[0;32m  OK  [0m] Started Daily apt upgrade and clean activities.
[[0;32m  OK  [0m] Reached target Timers.
         Starting LXD - unix socket.
[[0;32m  OK  [0m] Listening on UUID daemon activation socket.
[[0;32m  OK  [0m] Listening on ACPID Listen Socket.
[[0;32m  OK  [0m] Reached target Network is Online.
         Starting iSCSI initiator daemon (iscsid)...
[[0;32m  OK  [0m] Reached target Cloud-config availability.
[[0;32m  OK  [0m] Listening on Socket activation for snappy daemon.
[[0;32m  OK  [0m] Listening on LXD - unix socket.
[[0;32m  OK  [0m] Reached target Sockets.
[[0;32m  OK  [0m] Reached target Basic System.
[[0;32m  OK  [0m] Started FUSE filesystem for LXC.
[[0;32m  OK  [0m] Started Regular background program processing daemon.
         Starting /etc/rc.local Compatibility...
[[0;32m  OK  [0m] Started ACPI event daemon.
         Starting Virtualbox guest utils...
[[0;32m  OK  [0m] Started Deferred execution scheduler.
         Starting Pollinate to seed the pseudo random number generator...
         Starting System Logging Service...
         Starting Accounts Service...
         Starting Login Service...
[[0;32m  OK  [0m] Started D-Bus System Message Bus.
         Starting LXD - container startup/shutdown...
         Starting LSB: Record successful boot for GRUB...
         Starting Snap Daemon...
         Starting LSB: MD monitoring daemon...
[[0;32m  OK  [0m] Started System Logging Service.
[[0;32m  OK  [0m] Started /etc/rc.local Compatibility.
[[0;32m  OK  [0m] Started iSCSI initiator daemon (iscsid).
[[0;32m  OK  [0m] Started Login Service.
[[0;32m  OK  [0m] Started Unattended Upgrades Shutdown.
         Starting Authenticate and Authorize Users to Run Privileged Tasks...
         Starting Login to default iSCSI targets...
[[0;32m  OK  [0m] Started LSB: MD monitoring daemon.
[[0;32m  OK  [0m] Started LSB: Record successful boot for GRUB.
[[0;32m  OK  [0m] Started Login to default iSCSI targets.
[[0;32m  OK  [0m] Reached target Remote File Systems (Pre).
[[0;32m  OK  [0m] Reached target Remote File Systems.
         Starting LSB: Set the CPU Frequency Scaling governor to "ondemand"...
         Starting LSB: daemon to balance interrupts for SMP systems...
         Starting LSB: automatic crash report generation...
         Starting Permit User Sessions...
[[0;32m  OK  [0m] Started LXD - container startup/shutdown.
[[0;32m  OK  [0m] Started Permit User Sessions.
         Starting Hold until boot process finishes up...
         Starting Terminate Plymouth Boot Screen...
[[0;32m  OK  [0m] Started Hold until boot process finishes up.
[[0;32m  OK  [0m] Started Serial Getty on ttyS0.
         Starting Set console scheme...
[[0;32m  OK  [0m] Started Getty on tty1.
[[0;32m  OK  [0m] Reached target Login Prompts.
[[0;32m  OK  [0m] Started Terminate Plymouth Boot Screen.
[[0;32m  OK  [0m] Started Set console scheme.
[[0;32m  OK  [0m] Started LSB: Set the CPU Frequency Scaling governor to "ondemand".
[[0;32m  OK  [0m] Started Authenticate and Authorize Users to Run Privileged Tasks.
[[0;32m  OK  [0m] Started Accounts Service.
[[0;32m  OK  [0m] Started LSB: automatic crash report generation.
[[0;32m  OK  [0m] Started LSB: daemon to balance interrupts for SMP systems.
[[0;32m  OK  [0m] Started Virtualbox guest utils.
[[0;32m  OK  [0m] Started Snap Daemon.
         Starting Wait until snapd is fully seeded...

Ubuntu 16.04.7 LTS ubuntu-xenial ttyS0

ubuntu-xenial login: [   17.082667] cloud-init[1296]: Generating locales (this might take a while)...
[   19.171445] cloud-init[1296]:   en_US.UTF-8... done
[   19.173859] cloud-init[1296]: Generation complete.
[   19.892570] cloud-init[1296]: Cloud-init v. 21.1-19-gbad84ad4-0ubuntu1~16.04.2 running 'modules:config' at Wed, 29 Jun 2022 01:44:51 +0000. Up 16.81 seconds.
ci-info: no authorized SSH keys fingerprints found for user ubuntu.
<14>Jun 29 01:44:55 ec2: 
<14>Jun 29 01:44:55 ec2: #############################################################
<14>Jun 29 01:44:55 ec2: -----BEGIN SSH HOST KEY FINGERPRINTS-----
<14>Jun 29 01:44:55 ec2: 1024 SHA256:Re+wyUC2jKe+wlPMvcTUJ7zJn9oQvudai5Jb6bO7q4Q root@ubuntu-xenial (DSA)
<14>Jun 29 01:44:55 ec2: 256 SHA256:R6wmpsOe2D4akYXJ8QOjwI97/E1S8zVLAM3bAQej5HE root@ubuntu-xenial (ECDSA)
<14>Jun 29 01:44:55 ec2: 256 SHA256:AsdtWakQFn3aUamZhT+7KIjrXA5jdYUo4rpJcD0wa0w root@ubuntu-xenial (ED25519)
<14>Jun 29 01:44:55 ec2: 2048 SHA256:xp9+7qj/JOHI2on7mxupayQ6xZwzfOFJAwVetFi+ZxM root@ubuntu-xenial (RSA)
<14>Jun 29 01:44:55 ec2: -----END SSH HOST KEY FINGERPRINTS-----
<14>Jun 29 01:44:55 ec2: #############################################################
-----BEGIN SSH HOST KEY KEYS-----
ecdsa-sha2-nistp256 AAAAE2VjZHNhLXNoYTItbmlzdHAyNTYAAAAIbmlzdHAyNTYAAABBBKJaDw0PaevaYzNOexLmQJkR2iF2uXchAXCLvLADfFaf3SahTnx7rVXtSAxIFB+BMXmRLikAdRs0djlPyvOdfbk= root@ubuntu-xenial
ssh-ed25519 AAAAC3NzaC1lZDI1NTE5AAAAIPuF89ewNF6H+mqopXmAYBn4d9HQbvxdNHjQvNKw26CQ root@ubuntu-xenial
ssh-rsa AAAAB3NzaC1yc2EAAAADAQABAAABAQC4vStOJt+EBHWL5RT19kU0/gXVGwishINgY6YvxkecmbXnOEgnGApRz8qxk8MTrWwhKri4LgnSxAZ2SApZkqB/pTsf7QeGQHG4JqUjovzgVW6bFCKoB6d2OFXHnMcYeYukgeZR/tWeXo+5zySnDYoFq2b2UrpQfnTDr8KXX70WVCk1pXDpCDKsSoeL3Phogqv6xLNYgoaFIbdFjYvrnj3VITtp3R2XbOp4JbX6OWqKuIhCABcUWHgCHmpHkBDKta6iJ+EK8kaVS5bpNVRRNNeNw+WWfI1CPVw7nXUFRN7Yrp5pUW9VyqtqIqhgV0hd+a9KJO0qFTnDPTP47dX+Eop3 root@ubuntu-xenial
-----END SSH HOST KEY KEYS-----
[   21.063011] cloud-init[1538]: Cloud-init v. 21.1-19-gbad84ad4-0ubuntu1~16.04.2 running 'modules:final' at Wed, 29 Jun 2022 01:44:55 +0000. Up 20.65 seconds.
[   21.063314] cloud-init[1538]: ci-info: no authorized SSH keys fingerprints found for user ubuntu.
[   21.063448] cloud-init[1538]: Cloud-init v. 21.1-19-gbad84ad4-0ubuntu1~16.04.2 finished at Wed, 29 Jun 2022 01:44:55 +0000. Datasource DataSourceNoCloud [seed=/dev/sdb][dsmode=net].  Up 21.05 seconds
